Archive member included to satisfy reference by file (symbol)

C:/Program Files/SEGGER/SEGGER Embedded Studio for ARM 4.22/lib/libc_v7em_fpv4_sp_d16_hard_t_le_eabi.a(libc2.o)
                              Output/radio_test_pca10056 Release/Obj/fnmatch.o (isupper)
C:/Program Files/SEGGER/SEGGER Embedded Studio for ARM 4.22/lib/libc_v7em_fpv4_sp_d16_hard_t_le_eabi.a(libc2_asm.o)
                              Output/radio_test_pca10056 Release/Obj/nrf_log_frontend.o (memcpy)
C:/Program Files/SEGGER/SEGGER Embedded Studio for ARM 4.22/lib/libc_v7em_fpv4_sp_d16_hard_t_le_eabi.a(libc.o)
                              C:/Program Files/SEGGER/SEGGER Embedded Studio for ARM 4.22/lib/libc_v7em_fpv4_sp_d16_hard_t_le_eabi.a(libc2.o) (__heap_lock)
C:/Program Files/SEGGER/SEGGER Embedded Studio for ARM 4.22/lib/libc_v7em_fpv4_sp_d16_hard_t_le_eabi.a(libc_asm.o)
                              C:/Program Files/SEGGER/SEGGER Embedded Studio for ARM 4.22/lib/libc_v7em_fpv4_sp_d16_hard_t_le_eabi.a(libc2.o) (__aeabi_uldivmod)
C:/Program Files/SEGGER/SEGGER Embedded Studio for ARM 4.22/lib/libdebugio_v7em_fpv4_sp_d16_hard_t_le_eabi.a(libdebugio.o)
                              Output/radio_test_pca10056 Release/Obj/thumb_crt0.o (debug_fopen)
C:/Program Files/SEGGER/SEGGER Embedded Studio for ARM 4.22/lib/libdebugio_mempoll_v7em_fpv4_sp_d16_hard_t_le_eabi.a(mempoll_debug_operations.o)
                              C:/Program Files/SEGGER/SEGGER Embedded Studio for ARM 4.22/lib/libdebugio_v7em_fpv4_sp_d16_hard_t_le_eabi.a(libdebugio.o) (__do_debug_operation)
C:/Program Files/SEGGER/SEGGER Embedded Studio for ARM 4.22/lib/libdebugio_mempoll_v7em_fpv4_sp_d16_hard_t_le_eabi.a(do_nv_debug_operation.o)
                              C:/Program Files/SEGGER/SEGGER Embedded Studio for ARM 4.22/lib/libdebugio_v7em_fpv4_sp_d16_hard_t_le_eabi.a(libdebugio.o) (__do_nvdebug_operation)
C:/Program Files/SEGGER/SEGGER Embedded Studio for ARM 4.22/lib/libm_v7em_fpv4_sp_d16_hard_t_le_eabi.a(libm_asm.o)
                              C:/Program Files/SEGGER/SEGGER Embedded Studio for ARM 4.22/lib/libc_v7em_fpv4_sp_d16_hard_t_le_eabi.a(libc2.o) (__aeabi_i2d)
C:/Program Files/SEGGER/SEGGER Embedded Studio for ARM 4.22/lib/libm_v7em_fpv4_sp_d16_hard_t_le_eabi.a(libm2.o)
                              C:/Program Files/SEGGER/SEGGER Embedded Studio for ARM 4.22/lib/libvfprintf_v7em_fpv4_sp_d16_hard_t_le_eabi.o (frexp)
C:/Program Files/SEGGER/SEGGER Embedded Studio for ARM 4.22/lib/libm_v7em_fpv4_sp_d16_hard_t_le_eabi.a(libm2_asm.o)
                              C:/Program Files/SEGGER/SEGGER Embedded Studio for ARM 4.22/lib/libm_v7em_fpv4_sp_d16_hard_t_le_eabi.a(libm2.o) (fabs)

Discarded input sections

 .text          0x0000000000000000        0x0 Output/radio_test_pca10056 Release/Obj/thumb_crt0.o
 .data          0x0000000000000000        0x0 Output/radio_test_pca10056 Release/Obj/thumb_crt0.o
 .bss           0x0000000000000000        0x0 Output/radio_test_pca10056 Release/Obj/thumb_crt0.o
 .text.abort    0x0000000000000000        0x2 Output/radio_test_pca10056 Release/Obj/thumb_crt0.o
 .text.__assert
                0x0000000000000000        0x2 Output/radio_test_pca10056 Release/Obj/thumb_crt0.o
 .text.__aeabi_assert
                0x0000000000000000        0x2 Output/radio_test_pca10056 Release/Obj/thumb_crt0.o
 .text.__sync_synchronize
                0x0000000000000000        0x2 Output/radio_test_pca10056 Release/Obj/thumb_crt0.o
 .text.__getchar
                0x0000000000000000        0x4 Output/radio_test_pca10056 Release/Obj/thumb_crt0.o
 .text.__putchar
                0x0000000000000000        0x4 Output/radio_test_pca10056 Release/Obj/thumb_crt0.o
 .text.__open   0x0000000000000000        0x4 Output/radio_test_pca10056 Release/Obj/thumb_crt0.o
 .text.__close  0x0000000000000000        0x4 Output/radio_test_pca10056 Release/Obj/thumb_crt0.o
 .text.__write  0x0000000000000000        0xa Output/radio_test_pca10056 Release/Obj/thumb_crt0.o
 .text.__read   0x0000000000000000        0xa Output/radio_test_pca10056 Release/Obj/thumb_crt0.o
 .text.__seek   0x0000000000000000       0x1a Output/radio_test_pca10056 Release/Obj/thumb_crt0.o
 .bss.__user_locale_name_buffer
                0x0000000000000000        0x4 Output/radio_test_pca10056 Release/Obj/thumb_crt0.o
 .stack         0x0000000000000000        0x0 Output/radio_test_pca10056 Release/Obj/thumb_crt0.o
 .stack_process
                0x0000000000000000        0x0 Output/radio_test_pca10056 Release/Obj/thumb_crt0.o
 .heap          0x0000000000000000        0x0 Output/radio_test_pca10056 Release/Obj/thumb_crt0.o
 .text          0x0000000000000000        0x0 Output/radio_test_pca10056 Release/Obj/nrf_log_backend_rtt.o
 .data          0x0000000000000000        0x0 Output/radio_test_pca10056 Release/Obj/nrf_log_backend_rtt.o
 .bss           0x0000000000000000        0x0 Output/radio_test_pca10056 Release/Obj/nrf_log_backend_rtt.o
 .text.nrf_log_backend_rtt_init
[...]
Memory Configuration

Name             Origin             Length             Attributes
UNPLACED_SECTIONS 0x0000000100000000 0x0000000000000000 xw
RAM              0x0000000020000000 0x0000000000040000 xw
FLASH            0x0000000000000000 0x0000000000100000 xw
*default*        0x0000000000000000 0xffffffffffffffff

Linker script and memory map

                0x0000000000000000                __vfprintf = __vfprintf_long
                0x0000000000000000                __vfscanf = __vfscanf_long
                0x0000000020000000                __RAM_segment_start__ = 0x20000000
                0x0000000020040000                __RAM_segment_end__ = 0x20040000
                0x0000000000040000                __RAM_segment_size__ = 0x40000
                0x0000000000000000                __FLASH_segment_start__ = 0x0
                0x0000000000100000                __FLASH_segment_end__ = 0x100000
                0x0000000000100000                __FLASH_segment_size__ = 0x100000
                0x0000000000002000                __HEAPSIZE__ = 0x2000
                0x0000000000000000                __STACKSIZE_PROCESS__ = 0x0
                0x0000000000002000                __STACKSIZE__ = 0x2000
                0x0000000020000000                __vectors_ram_load_start__ = 0x20000000

.vectors_ram    0x0000000020000000        0x0
                0x0000000020000000                __vectors_ram_start__ = .
                0x0000000020000000                __app_ram_start__ = __vectors_ram_start__
 *(.vectors_ram .vectors_ram.*)
                0x0000000020000000                __vectors_ram_end__ = (__vectors_ram_start__ + SIZEOF (.vectors_ram))
                0x0000000000000000                __vectors_ram_size__ = SIZEOF (.vectors_ram)
                0x0000000020000000                __vectors_ram_load_end__ = __vectors_ram_end__
                0x0000000000000001                . = ASSERT (((__vectors_ram_start__ == __vectors_ram_end__) || ((__vectors_ram_end__ - __RAM_segment_start__) <= __RAM_segment_size__)), error: .vectors_ram is too large to fit in RAM memory segment)
                0x0000000020000000                __nrf_sections_run_load_start__ = ALIGN (__vectors_ram_end__, 0x4)

.nrf_sections_run
                0x0000000020000000        0x0
                0x0000000020000000                __nrf_sections_run_start__ = .
                0x0000000020000000                __start_nrf_sections_run = __nrf_sections_run_start__
 *(.nrf_sections_run .nrf_sections_run.*)
                0x0000000020000000                __nrf_sections_run_end__ = (__nrf_sections_run_start__ + SIZEOF (.nrf_sections_run))
                0x0000000000000000                __nrf_sections_run_size__ = SIZEOF (.nrf_sections_run)
                0x0000000020000000                __nrf_sections_run_load_end__ = __nrf_sections_run_end__
                0x0000000000000001                . = ASSERT (((__nrf_sections_run_start__ == __nrf_sections_run_end__) || ((__nrf_sections_run_end__ - __RAM_segment_start__) <= __RAM_segment_size__)), error: .nrf_sections_run is too large to fit in RAM memory segment)
                0x0000000000000000                __vectors_load_start__ = 0x0

.vectors        0x0000000000000000      0x200
                0x0000000000000000                __vectors_start__ = .
 *(.vectors .vectors.*)
 .vectors       0x0000000000000000      0x200 Output/radio_test_pca10056 Release/Obj/ses_startup_nrf52840.o
                0x0000000000000000                _vectors
                0x0000000000000200                __vectors_end__ = (__vectors_start__ + SIZEOF (.vectors))
                0x0000000000000200                __vectors_size__ = SIZEOF (.vectors)
                0x0000000000000200                __vectors_load_end__ = __vectors_end__
                0x0000000000000001                . = ASSERT (((__vectors_start__ == __vectors_end__) || ((__vectors_end__ - __FLASH_segment_start__) <= __FLASH_segment_size__)), error: .vectors is too large to fit in FLASH memory segment)
                0x0000000000000200                __init_load_start__ = ALIGN (__vectors_end__, 0x4)

.init           0x0000000000000200      0x1d0
                0x0000000000000200                __init_start__ = .
 *(.init .init.*)
 .init          0x0000000000000200      0x15c Output/radio_test_pca10056 Release/Obj/thumb_crt0.o
                0x0000000000000200                _start
                0x00000000000002b4                exit
 .init          0x000000000000035c       0x18 Output/radio_test_pca10056 Release/Obj/ses_startup_nrf52840.o
                0x000000000000035c                NMI_Handler
                0x000000000000035e                HardFault_Handler
                0x0000000000000360                MemoryManagement_Handler
                0x0000000000000362                BusFault_Handler
                0x0000000000000364                UsageFault_Handler
                0x0000000000000366                SVC_Handler
                0x0000000000000368                DebugMon_Handler
                0x000000000000036a                PendSV_Handler
                0x000000000000036c                SysTick_Handler
                0x000000000000036e                PWM1_IRQHandler
                0x000000000000036e                RTC0_IRQHandler
                0x000000000000036e                RADIO_IRQHandler
                0x000000000000036e                PDM_IRQHandler
                0x000000000000036e                TEMP_IRQHandler
                0x000000000000036e                QDEC_IRQHandler
                0x000000000000036e                TIMER3_IRQHandler
                0x000000000000036e                PWM3_IRQHandler
                0x000000000000036e                FPU_IRQHandler
                0x000000000000036e                USBD_IRQHandler
                0x000000000000036e                SPIM0_SPIS0_TWIM0_TWIS0_SPI0_TWI0_IRQHandler
                0x000000000000036e                QSPI_IRQHandler
                0x000000000000036e                TIMER4_IRQHandler
                0x000000000000036e                SWI2_EGU2_IRQHandler
                0x000000000000036e                I2S_IRQHandler
                0x000000000000036e                SWI4_EGU4_IRQHandler
                0x000000000000036e                UARTE1_IRQHandler
                0x000000000000036e                Dummy_Handler
                0x000000000000036e                TIMER1_IRQHandler
                0x000000000000036e                SPIM3_IRQHandler
                0x000000000000036e                PWM2_IRQHandler
                0x000000000000036e                ECB_IRQHandler
                0x000000000000036e                SPIM1_SPIS1_TWIM1_TWIS1_SPI1_TWI1_IRQHandler
                0x000000000000036e                SAADC_IRQHandler
                0x000000000000036e                CCM_AAR_IRQHandler
                0x000000000000036e                WDT_IRQHandler
                0x000000000000036e                SWI0_EGU0_IRQHandler
                0x000000000000036e                SWI5_EGU5_IRQHandler
                0x000000000000036e                RNG_IRQHandler
                0x000000000000036e                RTC2_IRQHandler
                0x000000000000036e                PWM0_IRQHandler
                0x000000000000036e                SWI3_EGU3_IRQHandler
                0x000000000000036e                SWI1_EGU1_IRQHandler
                0x000000000000036e                SPIM2_SPIS2_SPI2_IRQHandler
                0x000000000000036e                NFCT_IRQHandler
                0x000000000000036e                CRYPTOCELL_IRQHandler
                0x000000000000036e                MWU_IRQHandler
                0x000000000000036e                TIMER2_IRQHandler
                0x000000000000036e                COMP_LPCOMP_IRQHandler
                0x0000000000000370                nRFInitialize
 .init          0x0000000000000374       0x5c Output/radio_test_pca10056 Release/Obj/ses_startup_nrf_common.o
                0x0000000000000374                Reset_Handler
                0x0000000000000378                afterInitialize
                0x000000000000039c                InitializeUserMemorySections
                0x00000000000003d0                __init_end__ = (__init_start__ + SIZEOF (.init))
                0x00000000000001d0                __init_size__ = SIZEOF (.init)
                0x00000000000003d0                __init_load_end__ = __init_end__
                0x0000000000000001                . = ASSERT (((__init_start__ == __init_end__) || ((__init_end__ - __FLASH_segment_start__) <= __FLASH_segment_size__)), error: .init is too large to fit in FLASH memory segment)
                0x00000000000003d0                __init_rodata_load_start__ = ALIGN (__init_end__, 0x4)

.init_rodata    0x00000000000003d0        0x0
                0x00000000000003d0                __init_rodata_start__ = .
 *(.init_rodata .init_rodata.*)
                0x00000000000003d0                __init_rodata_end__ = (__init_rodata_start__ + SIZEOF (.init_rodata))
                0x0000000000000000                __init_rodata_size__ = SIZEOF (.init_rodata)
                0x00000000000003d0                __init_rodata_load_end__ = __init_rodata_end__
                0x0000000000000001                . = ASSERT (((__init_rodata_start__ == __init_rodata_end__) || ((__init_rodata_end__ - __FLASH_segment_start__) <= __FLASH_segment_size__)), error: .init_rodata is too large to fit in FLASH memory segment)
                0x00000000000003d0                __text_load_start__ = ALIGN (__init_rodata_end__, 0x4)

.text           0x00000000000003d0     0x7742
                0x00000000000003d0                __text_start__ = .
 *(.text .text.* .glue_7t .glue_7 .gnu.linkonce.t.* .gcc_except_table .ARM.extab* .gnu.linkonce.armextab.*)
 .glue_7        0x00000000000003d0        0x0 linker stubs
 .glue_7t       0x00000000000003d0        0x0 linker stubs
 .text.__aeabi_read_tp
                0x00000000000003d0        0x8 Output/radio_test_pca10056 Release/Obj/thumb_crt0.o
                0x00000000000003d0                __aeabi_read_tp
 .text.nrf_log_backend_rtt_flush
                0x00000000000003d8        0x2 Output/radio_test_pca10056 Release/Obj/nrf_log_backend_rtt.o
 *fill*         0x00000000000003da        0x2 
 .text.nrf_log_backend_rtt_put
                0x00000000000003dc       0x1c Output/radio_test_pca10056 Release/Obj/nrf_log_backend_rtt.o
 .text.serial_tx
                0x00000000000003f8       0x50 Output/radio_test_pca10056 Release/Obj/nrf_log_backend_rtt.o
 .text.nrf_log_backend_rtt_panic_set
                0x0000000000000448        0x2 Output/radio_test_pca10056 Release/Obj/nrf_log_backend_rtt.o
 .text.nrf_log_backend_serial_put
                0x000000000000044a       0xc0 Output/radio_test_pca10056 Release/Obj/nrf_log_backend_serial.o
                0x000000000000044a                nrf_log_backend_serial_put
 *fill*         0x000000000000050a        0x2 
 .text.uart_evt_handler
                0x000000000000050c        0xc Output/radio_test_pca10056 Release/Obj/nrf_log_backend_uart.o
 .text.nrf_log_backend_uart_flush
                0x0000000000000518        0x2 Output/radio_test_pca10056 Release/Obj/nrf_log_backend_uart.o
 *fill*         0x000000000000051a        0x2 
 .text.uart_init
                0x000000000000051c       0x54 Output/radio_test_pca10056 Release/Obj/nrf_log_backend_uart.o
 .text.nrf_log_backend_uart_put
                0x0000000000000570       0x1c Output/radio_test_pca10056 Release/Obj/nrf_log_backend_uart.o
 .text.serial_tx
                0x000000000000058c       0x50 Output/radio_test_pca10056 Release/Obj/nrf_log_backend_uart.o
 .text.nrf_log_backend_uart_panic_set
                0x00000000000005dc       0x2c Output/radio_test_pca10056 Release/Obj/nrf_log_backend_uart.o
 .text.severity_lvl_get
                0x0000000000000608       0x24 Output/radio_test_pca10056 Release/Obj/nrf_log_frontend.o
 .text.log_halt
                0x000000000000062c        0x8 Output/radio_test_pca10056 Release/Obj/nrf_log_frontend.o
 .text.log_self_halt
                0x0000000000000634        0xa Output/radio_test_pca10056 Release/Obj/nrf_log_frontend.o
 .text.log_go   0x000000000000063e        0x8 Output/radio_test_pca10056 Release/Obj/nrf_log_frontend.o
 .text.log_self_go
                0x0000000000000646        0xa Output/radio_test_pca10056 Release/Obj/nrf_log_frontend.o
 .text.backend_name_get
                0x0000000000000650       0x44 Output/radio_test_pca10056 Release/Obj/nrf_log_frontend.o
 .text.nrf_cli_backend_cmd_execute
                0x0000000000000694       0x6c Output/radio_test_pca10056 Release/Obj/nrf_log_frontend.o
 .text.log_backend_status
                0x0000000000000700        0xc Output/radio_test_pca10056 Release/Obj/nrf_log_frontend.o
 .text.log_backend_halt
                0x000000000000070c        0xc Output/radio_test_pca10056 Release/Obj/nrf_log_frontend.o
 .text.log_backend_go
                0x0000000000000718        0xc Output/radio_test_pca10056 Release/Obj/nrf_log_frontend.o
 .text.log_backend_ctrl
                0x0000000000000724        0xc Output/radio_test_pca10056 Release/Obj/nrf_log_frontend.o
 .text.invalid_packets_omit
                0x0000000000000730       0x3a Output/radio_test_pca10056 Release/Obj/nrf_log_frontend.o
 *fill*         0x000000000000076a        0x2 
 .text.buf_prealloc
                0x000000000000076c      0x130 Output/radio_test_pca10056 Release/Obj/nrf_log_frontend.o
 .text.log_cmd  0x000000000000089c       0x44 Output/radio_test_pca10056 Release/Obj/nrf_log_frontend.o
 .text.log_cmd_backends_list
                0x00000000000008e0       0x8c Output/radio_test_pca10056 Release/Obj/nrf_log_frontend.o
 .text.module_idx_get.part.11
                0x000000000000096c       0x38 Output/radio_test_pca10056 Release/Obj/nrf_log_frontend.o
 .text.log_config_load_cmd
                0x00000000000009a4       0x20 Output/radio_test_pca10056 Release/Obj/nrf_log_frontend.o
 .text.log_config_store_cmd
                0x00000000000009c4       0x20 Output/radio_test_pca10056 Release/Obj/nrf_log_frontend.o
 .text.nrf_log_init
                0x00000000000009e4       0xb0 Output/radio_test_pca10056 Release/Obj/nrf_log_frontend.o
                0x00000000000009e4                nrf_log_init
 .text.nrf_log_module_name_get
                0x0000000000000a94       0x28 Output/radio_test_pca10056 Release/Obj/nrf_log_frontend.o
                0x0000000000000a94                nrf_log_module_name_get
 .text.module_name_get
                0x0000000000000abc       0x1c Output/radio_test_pca10056 Release/Obj/nrf_log_frontend.o
 .text.nrf_log_color_id_get
                0x0000000000000ad8       0x2c Output/radio_test_pca10056 Release/Obj/nrf_log_frontend.o
                0x0000000000000ad8                nrf_log_color_id_get
 .text.nrf_log_module_filter_set
                0x0000000000000b04       0x50 Output/radio_test_pca10056 Release/Obj/nrf_log_frontend.o
                0x0000000000000b04                nrf_log_module_filter_set
 .text.log_ctrl
                0x0000000000000b54      0x168 Output/radio_test_pca10056 Release/Obj/nrf_log_frontend.o
 .text.log_self_ctrl
                0x0000000000000cbc        0xa Output/radio_test_pca10056 Release/Obj/nrf_log_frontend.o
 *fill*         0x0000000000000cc6        0x2 
 .text.nrf_log_module_filter_get
                0x0000000000000cc8       0x54 Output/radio_test_pca10056 Release/Obj/nrf_log_frontend.o
                0x0000000000000cc8                nrf_log_module_filter_get
 .text.log_status
                0x0000000000000d1c       0xcc Output/radio_test_pca10056 Release/Obj/nrf_log_frontend.o
 .text.log_self_status
                0x0000000000000de8        0xa Output/radio_test_pca10056 Release/Obj/nrf_log_frontend.o
 *fill*         0x0000000000000df2        0x2 
 .text.buffer_is_empty
                0x0000000000000df4       0x14 Output/radio_test_pca10056 Release/Obj/nrf_log_frontend.o
                0x0000000000000df4                buffer_is_empty
 .text.nrf_log_frontend_dequeue
                0x0000000000000e08      0x264 Output/radio_test_pca10056 Release/Obj/nrf_log_frontend.o
                0x0000000000000e08                nrf_log_frontend_dequeue
 .text.std_n    0x000000000000106c       0xb0 Output/radio_test_pca10056 Release/Obj/nrf_log_frontend.o
 .text.nrf_log_frontend_std_0
                0x000000000000111c        0x8 Output/radio_test_pca10056 Release/Obj/nrf_log_frontend.o
                0x000000000000111c                nrf_log_frontend_std_0
 .text.nrf_log_frontend_std_1
                0x0000000000001124       0x12 Output/radio_test_pca10056 Release/Obj/nrf_log_frontend.o
                0x0000000000001124                nrf_log_frontend_std_1
 .text.nrf_log_frontend_std_2
                0x0000000000001136       0x14 Output/radio_test_pca10056 Release/Obj/nrf_log_frontend.o
                0x0000000000001136                nrf_log_frontend_std_2
 .text.nrf_log_frontend_std_5
                0x000000000000114a       0x20 Output/radio_test_pca10056 Release/Obj/nrf_log_frontend.o
                0x000000000000114a                nrf_log_frontend_std_5
 *fill*         0x000000000000116a        0x2 
 .text.nrf_log_backend_add
                0x000000000000116c       0x80 Output/radio_test_pca10056 Release/Obj/nrf_log_frontend.o
                0x000000000000116c                nrf_log_backend_add
 .text.nrf_log_panic
                0x00000000000011ec       0x2c Output/radio_test_pca10056 Release/Obj/nrf_log_frontend.o
                0x00000000000011ec                nrf_log_panic
 .text.postfix_process
                0x0000000000001218       0x3c Output/radio_test_pca10056 Release/Obj/nrf_log_str_formatter.o
 .text.prefix_process
                0x0000000000001254       0x78 Output/radio_test_pca10056 Release/Obj/nrf_log_str_formatter.o
 .text.nrf_log_std_entry_process
                0x00000000000012cc       0xc8 Output/radio_test_pca10056 Release/Obj/nrf_log_str_formatter.o
                0x00000000000012cc                nrf_log_std_entry_process
 .text.nrf_log_hexdump_entry_process
                0x0000000000001394       0xb4 Output/radio_test_pca10056 Release/Obj/nrf_log_str_formatter.o
                0x0000000000001394                nrf_log_hexdump_entry_process
 .text.app_error_save_and_stop
                0x0000000000001448       0x58 Output/radio_test_pca10056 Release/Obj/app_error.o
                0x0000000000001448                app_error_save_and_stop
 .text.app_error_handler
                0x00000000000014a0       0x1a Output/radio_test_pca10056 Release/Obj/app_error_handler_gcc.o
                0x00000000000014a0                app_error_handler
 *fill*         0x00000000000014ba        0x2 
 .text.app_error_fault_handler
                0x00000000000014bc       0xe8 Output/radio_test_pca10056 Release/Obj/app_error_weak.o
                0x00000000000014bc                app_error_fault_handler
 .text.compare_func
                0x00000000000015a4       0x16 Output/radio_test_pca10056 Release/Obj/app_timer2.o
 *fill*         0x00000000000015ba        0x2 
 .text.get_now  0x00000000000015bc       0x44 Output/radio_test_pca10056 Release/Obj/app_timer2.o
 .text.timer_req_schedule
                0x0000000000001600       0x38 Output/radio_test_pca10056 Release/Obj/app_timer2.o
 .text.timer_expire
                0x0000000000001638       0x78 Output/radio_test_pca10056 Release/Obj/app_timer2.o
 .text.app_timer_init
                0x00000000000016b0       0x64 Output/radio_test_pca10056 Release/Obj/app_timer2.o
                0x00000000000016b0                app_timer_init
 .text.app_timer_create
                0x0000000000001714       0x16 Output/radio_test_pca10056 Release/Obj/app_timer2.o
                0x0000000000001714                app_timer_create
 .text.app_timer_start
                0x000000000000172a       0x32 Output/radio_test_pca10056 Release/Obj/app_timer2.o
                0x000000000000172a                app_timer_start
 .text.app_timer_stop
                0x000000000000175c        0xe Output/radio_test_pca10056 Release/Obj/app_timer2.o
                0x000000000000175c                app_timer_stop
 *fill*         0x000000000000176a        0x2 
 .text.app_timer_cnt_get
                0x000000000000176c        0xc Output/radio_test_pca10056 Release/Obj/app_timer2.o
                0x000000000000176c                app_timer_cnt_get
 .text.rtc_irq  0x0000000000001778      0x19c Output/radio_test_pca10056 Release/Obj/app_timer2.o
 .text.app_util_disable_irq
                0x0000000000001914       0x10 Output/radio_test_pca10056 Release/Obj/app_util_platform.o
                0x0000000000001914                app_util_disable_irq
 .text.app_util_enable_irq
                0x0000000000001924       0x14 Output/radio_test_pca10056 Release/Obj/app_util_platform.o
                0x0000000000001924                app_util_enable_irq
 .text.app_util_critical_region_enter
                0x0000000000001938        0x4 Output/radio_test_pca10056 Release/Obj/app_util_platform.o
                0x0000000000001938                app_util_critical_region_enter
 .text.app_util_critical_region_exit
                0x000000000000193c        0x4 Output/radio_test_pca10056 Release/Obj/app_util_platform.o
                0x000000000000193c                app_util_critical_region_exit
 .text.evt_pending.isra.3
                0x0000000000001940       0x1a Output/radio_test_pca10056 Release/Obj/drv_rtc.o
 *fill*         0x000000000000195a        0x2 
 .text.drv_rtc_init
                0x000000000000195c       0xc8 Output/radio_test_pca10056 Release/Obj/drv_rtc.o
                0x000000000000195c                drv_rtc_init
 .text.drv_rtc_start
                0x0000000000001a24        0x8 Output/radio_test_pca10056 Release/Obj/drv_rtc.o
                0x0000000000001a24                drv_rtc_start
 .text.drv_rtc_stop
                0x0000000000001a2c        0x8 Output/radio_test_pca10056 Release/Obj/drv_rtc.o
                0x0000000000001a2c                drv_rtc_stop
 .text.drv_rtc_compare_set
                0x0000000000001a34       0x3e Output/radio_test_pca10056 Release/Obj/drv_rtc.o
                0x0000000000001a34                drv_rtc_compare_set
 *fill*         0x0000000000001a72        0x2 
 .text.drv_rtc_windowed_compare_set
                0x0000000000001a74       0xe8 Output/radio_test_pca10056 Release/Obj/drv_rtc.o
                0x0000000000001a74                drv_rtc_windowed_compare_set
 .text.drv_rtc_overflow_enable
                0x0000000000001b5c       0x10 Output/radio_test_pca10056 Release/Obj/drv_rtc.o
                0x0000000000001b5c                drv_rtc_overflow_enable
 .text.drv_rtc_overflow_pending
                0x0000000000001b6c        0xa Output/radio_test_pca10056 Release/Obj/drv_rtc.o
                0x0000000000001b6c                drv_rtc_overflow_pending
 .text.drv_rtc_compare_disable
                0x0000000000001b76       0x14 Output/radio_test_pca10056 Release/Obj/drv_rtc.o
                0x0000000000001b76                drv_rtc_compare_disable
 .text.drv_rtc_compare_pending
                0x0000000000001b8a        0xc Output/radio_test_pca10056 Release/Obj/drv_rtc.o
                0x0000000000001b8a                drv_rtc_compare_pending
 .text.drv_rtc_counter_get
                0x0000000000001b96        0x8 Output/radio_test_pca10056 Release/Obj/drv_rtc.o
                0x0000000000001b96                drv_rtc_counter_get
 *fill*         0x0000000000001b9e        0x2 
 .text.drv_rtc_irq_trigger
                0x0000000000001ba0       0x20 Output/radio_test_pca10056 Release/Obj/drv_rtc.o
                0x0000000000001ba0                drv_rtc_irq_trigger
 .text.RTC1_IRQHandler
                0x0000000000001bc0       0x14 Output/radio_test_pca10056 Release/Obj/drv_rtc.o
                0x0000000000001bc0                RTC1_IRQHandler
 .text.nrf_atfifo_init
                0x0000000000001bd4       0x26 Output/radio_test_pca10056 Release/Obj/nrf_atfifo.o
                0x0000000000001bd4                nrf_atfifo_init
 .text.nrf_atfifo_item_alloc
                0x0000000000001bfa       0x54 Output/radio_test_pca10056 Release/Obj/nrf_atfifo.o
                0x0000000000001bfa                nrf_atfifo_item_alloc
 .text.nrf_atfifo_item_put
                0x0000000000001c4e       0x20 Output/radio_test_pca10056 Release/Obj/nrf_atfifo.o
                0x0000000000001c4e                nrf_atfifo_item_put
 .text.nrf_atfifo_item_get
                0x0000000000001c6e       0x56 Output/radio_test_pca10056 Release/Obj/nrf_atfifo.o
                0x0000000000001c6e                nrf_atfifo_item_get
 .text.nrf_atfifo_item_free
                0x0000000000001cc4       0x20 Output/radio_test_pca10056 Release/Obj/nrf_atfifo.o
                0x0000000000001cc4                nrf_atfifo_item_free
 .text.nrf_atomic_u32_fetch_store
                0x0000000000001ce4       0x14 Output/radio_test_pca10056 Release/Obj/nrf_atomic.o
                0x0000000000001ce4                nrf_atomic_u32_fetch_store
 .text.nrf_atomic_u32_fetch_or
                0x0000000000001cf8       0x16 Output/radio_test_pca10056 Release/Obj/nrf_atomic.o
                0x0000000000001cf8                nrf_atomic_u32_fetch_or
 .text.nrf_atomic_u32_or
                0x0000000000001d0e       0x16 Output/radio_test_pca10056 Release/Obj/nrf_atomic.o
                0x0000000000001d0e                nrf_atomic_u32_or
 .text.nrf_atomic_u32_fetch_and
                0x0000000000001d24       0x16 Output/radio_test_pca10056 Release/Obj/nrf_atomic.o
                0x0000000000001d24                nrf_atomic_u32_fetch_and
 .text.nrf_atomic_u32_and
                0x0000000000001d3a       0x16 Output/radio_test_pca10056 Release/Obj/nrf_atomic.o
                0x0000000000001d3a                nrf_atomic_u32_and
 .text.nrf_atomic_u32_add
                0x0000000000001d50       0x16 Output/radio_test_pca10056 Release/Obj/nrf_atomic.o
                0x0000000000001d50                nrf_atomic_u32_add
 .text.nrf_atomic_u32_sub
                0x0000000000001d66       0x16 Output/radio_test_pca10056 Release/Obj/nrf_atomic.o
                0x0000000000001d66                nrf_atomic_u32_sub
 .text.nrf_atomic_flag_set_fetch
                0x0000000000001d7c        0x6 Output/radio_test_pca10056 Release/Obj/nrf_atomic.o
                0x0000000000001d7c                nrf_atomic_flag_set_fetch
 .text.nrf_atomic_flag_set
                0x0000000000001d82        0x6 Output/radio_test_pca10056 Release/Obj/nrf_atomic.o
                0x0000000000001d82                nrf_atomic_flag_set
 .text.nrf_atomic_flag_clear_fetch
                0x0000000000001d88        0x6 Output/radio_test_pca10056 Release/Obj/nrf_atomic.o
                0x0000000000001d88                nrf_atomic_flag_clear_fetch
 .text.nrf_atomic_flag_clear
                0x0000000000001d8e        0x6 Output/radio_test_pca10056 Release/Obj/nrf_atomic.o
                0x0000000000001d8e                nrf_atomic_flag_clear
 .text.nrf_balloc_status
                0x0000000000001d94       0xb0 Output/radio_test_pca10056 Release/Obj/nrf_balloc.o
 .text.nrf_balloc_init
                0x0000000000001e44       0x2e Output/radio_test_pca10056 Release/Obj/nrf_balloc.o
                0x0000000000001e44                nrf_balloc_init
 .text.nrf_balloc_alloc
                0x0000000000001e72       0x40 Output/radio_test_pca10056 Release/Obj/nrf_balloc.o
                0x0000000000001e72                nrf_balloc_alloc
 .text.nrf_balloc_free
                0x0000000000001eb2       0x2a Output/radio_test_pca10056 Release/Obj/nrf_balloc.o
                0x0000000000001eb2                nrf_balloc_free
 .text.cli_transport_evt_handler
                0x0000000000001edc       0x12 Output/radio_test_pca10056 Release/Obj/nrf_cli.o
 .text.nrf_log_backend_cli_panic_set
                0x0000000000001eee       0x1e Output/radio_test_pca10056 Release/Obj/nrf_cli.o
 .text.string_cmp
                0x0000000000001f0c        0x8 Output/radio_test_pca10056 Release/Obj/nrf_cli.o
 .text.cli_strlen
                0x0000000000001f14        0x8 Output/radio_test_pca10056 Release/Obj/nrf_cli.o
 .text.cursor_in_empty_line
                0x0000000000001f1c       0x24 Output/radio_test_pca10056 Release/Obj/nrf_cli.o
 .text.multiline_console_data_check
                0x0000000000001f40       0x3e Output/radio_test_pca10056 Release/Obj/nrf_cli.o
 .text.full_line_cmd
                0x0000000000001f7e       0x24 Output/radio_test_pca10056 Release/Obj/nrf_cli.o
 *fill*         0x0000000000001fa2        0x2 
 .text.cmd_get  0x0000000000001fa4       0x7c Output/radio_test_pca10056 Release/Obj/nrf_cli.o
 .text.history_list_element_oldest_remove.isra.18
                0x0000000000002020       0x6c Output/radio_test_pca10056 Release/Obj/nrf_cli.o
 .text.vt100_color_set
                0x000000000000208c       0x48 Output/radio_test_pca10056 Release/Obj/nrf_cli.o
 .text.vt100_bgcolor_set.part.20
                0x00000000000020d4       0x3c Output/radio_test_pca10056 Release/Obj/nrf_cli.o
 .text.cursor_next_line_move.isra.21
                0x0000000000002110        0xc Output/radio_test_pca10056 Release/Obj/nrf_cli.o
 .text.cursor_right_move.isra.22.part.23
                0x000000000000211c       0x10 Output/radio_test_pca10056 Release/Obj/nrf_cli.o
 .text.cursor_right_move.isra.22
                0x000000000000212c        0x8 Output/radio_test_pca10056 Release/Obj/nrf_cli.o
 .text.cli_clear_eos.isra.28
                0x0000000000002134       0x10 Output/radio_test_pca10056 Release/Obj/nrf_cli.o
 .text.make_argv.constprop.50
                0x0000000000002144      0x17a Output/radio_test_pca10056 Release/Obj/nrf_cli.o
 .text.cli_write.constprop.52
                0x00000000000022be       0x4c Output/radio_test_pca10056 Release/Obj/nrf_cli.o
 .text.format_offset_string_print.constprop.51
                0x000000000000230a       0xfa Output/radio_test_pca10056 Release/Obj/nrf_cli.o
 .text.cursor_up_move.isra.32
                0x0000000000002404       0x14 Output/radio_test_pca10056 Release/Obj/nrf_cli.o
 .text.cursor_left_move.isra.25
                0x0000000000002418       0x14 Output/radio_test_pca10056 Release/Obj/nrf_cli.o
 .text.cursor_home_position_move
                0x000000000000242c       0x56 Output/radio_test_pca10056 Release/Obj/nrf_cli.o
 .text.cursor_position_synchronize
                0x0000000000002482       0x66 Output/radio_test_pca10056 Release/Obj/nrf_cli.o
 .text.cursor_position_get
                0x00000000000024e8      0x118 Output/radio_test_pca10056 Release/Obj/nrf_cli.o
 .text.cursor_end_position_move
                0x0000000000002600       0x54 Output/radio_test_pca10056 Release/Obj/nrf_cli.o
 .text.nrf_cli_init
                0x0000000000002654       0xd0 Output/radio_test_pca10056 Release/Obj/nrf_cli.o
                0x0000000000002654                nrf_cli_init
 .text.nrf_cli_print_stream
                0x0000000000002724        0x4 Output/radio_test_pca10056 Release/Obj/nrf_cli.o
                0x0000000000002724                nrf_cli_print_stream
 .text.nrf_cli_fprintf
                0x0000000000002728       0x68 Output/radio_test_pca10056 Release/Obj/nrf_cli.o
                0x0000000000002728                nrf_cli_fprintf
 .text.completion_insert
                0x0000000000002790       0x90 Output/radio_test_pca10056 Release/Obj/nrf_cli.o
 .text.char_insert
                0x0000000000002820      0x160 Output/radio_test_pca10056 Release/Obj/nrf_cli.o
 .text.history_handle
                0x0000000000002980      0x134 Output/radio_test_pca10056 Release/Obj/nrf_cli.o
 .text.char_delete
                0x0000000000002ab4       0xa8 Output/radio_test_pca10056 Release/Obj/nrf_cli.o
 .text.cli_log_entry_process
                0x0000000000002b5c      0x13c Output/radio_test_pca10056 Release/Obj/nrf_cli.o
 .text.nrf_log_backend_cli_flush
                0x0000000000002c98        0xa Output/radio_test_pca10056 Release/Obj/nrf_cli.o
 .text.nrf_log_backend_cli_put
                0x0000000000002ca2       0x40 Output/radio_test_pca10056 Release/Obj/nrf_cli.o
 *fill*         0x0000000000002ce2        0x2 
 .text.nrf_cli_process
                0x0000000000002ce4      0xa8c Output/radio_test_pca10056 Release/Obj/nrf_cli.o
                0x0000000000002ce4                nrf_cli_process
 .text.nrf_cli_start
                0x0000000000003770       0x5c Output/radio_test_pca10056 Release/Obj/nrf_cli.o
                0x0000000000003770                nrf_cli_start
 .text.nrf_cli_help_print
                0x00000000000037cc      0x22c Output/radio_test_pca10056 Release/Obj/nrf_cli.o
                0x00000000000037cc                nrf_cli_help_print
 .text.nrf_cli_cmd_cli_stats.part.44
                0x00000000000039f8        0x8 Output/radio_test_pca10056 Release/Obj/nrf_cli.o
 .text.nrf_cli_cmd_clear
                0x0000000000003a00       0x40 Output/radio_test_pca10056 Release/Obj/nrf_cli.o
 .text.nrf_cli_cmd_cli
                0x0000000000003a40       0x24 Output/radio_test_pca10056 Release/Obj/nrf_cli.o
 .text.nrf_cli_build_in_cmd_common_executed.constprop.48
                0x0000000000003a64       0x34 Output/radio_test_pca10056 Release/Obj/nrf_cli.o
 .text.nrf_cli_cmd_colors
                0x0000000000003a98       0x40 Output/radio_test_pca10056 Release/Obj/nrf_cli.o
 .text.nrf_cli_cmd_cli_stats
                0x0000000000003ad8       0x44 Output/radio_test_pca10056 Release/Obj/nrf_cli.o
                0x0000000000003ad8                nrf_cli_cmd_cli_stats
 .text.nrf_cli_cmd_resize_default
                0x0000000000003b1c       0x30 Output/radio_test_pca10056 Release/Obj/nrf_cli.o
 .text.nrf_cli_cmd_resize
                0x0000000000003b4c       0xb4 Output/radio_test_pca10056 Release/Obj/nrf_cli.o
 .text.nrf_cli_cmd_history
                0x0000000000003c00       0x74 Output/radio_test_pca10056 Release/Obj/nrf_cli.o
 .text.nrf_cli_cmd_colors_off
                0x0000000000003c74       0x22 Output/radio_test_pca10056 Release/Obj/nrf_cli.o
 .text.nrf_cli_cmd_colors_on
                0x0000000000003c96       0x22 Output/radio_test_pca10056 Release/Obj/nrf_cli.o
 .text.nrf_cli_cmd_echo_off
                0x0000000000003cb8       0x22 Output/radio_test_pca10056 Release/Obj/nrf_cli.o
 .text.nrf_cli_cmd_echo_on
                0x0000000000003cda       0x22 Output/radio_test_pca10056 Release/Obj/nrf_cli.o
 .text.nrf_cli_cmd_echo
                0x0000000000003cfc       0x68 Output/radio_test_pca10056 Release/Obj/nrf_cli.o
 .text.nrf_cli_cmd_cli_stats_reset
                0x0000000000003d64       0x28 Output/radio_test_pca10056 Release/Obj/nrf_cli.o
                0x0000000000003d64                nrf_cli_cmd_cli_stats_reset
 .text.nrf_cli_cmd_cli_stats_show
                0x0000000000003d8c       0x4c Output/radio_test_pca10056 Release/Obj/nrf_cli.o
                0x0000000000003d8c                nrf_cli_cmd_cli_stats_show
 .text.cli_uart_read
                0x0000000000003dd8        0xa Output/radio_test_pca10056 Release/Obj/nrf_cli_uart.o
 *fill*         0x0000000000003de2        0x2 
 .text.nrf_drv_uart_tx
                0x0000000000003de4       0x24 Output/radio_test_pca10056 Release/Obj/nrf_cli_uart.o
 .text.timer_handler
                0x0000000000003e08       0x1c Output/radio_test_pca10056 Release/Obj/nrf_cli_uart.o
 .text.nrf_drv_uart_uninit
                0x0000000000003e24       0x18 Output/radio_test_pca10056 Release/Obj/nrf_cli_uart.o
 .text.cli_uart_uninit
                0x0000000000003e3c       0x16 Output/radio_test_pca10056 Release/Obj/nrf_cli_uart.o
 *fill*         0x0000000000003e52        0x2 
 .text.cli_uart_write
                0x0000000000003e54       0x68 Output/radio_test_pca10056 Release/Obj/nrf_cli_uart.o
 .text.rx_try   0x0000000000003ebc       0x50 Output/radio_test_pca10056 Release/Obj/nrf_cli_uart.o
 .text.uart_event_handler
                0x0000000000003f0c       0x72 Output/radio_test_pca10056 Release/Obj/nrf_cli_uart.o
 *fill*         0x0000000000003f7e        0x2 
 .text.cli_uart_enable
                0x0000000000003f80       0x74 Output/radio_test_pca10056 Release/Obj/nrf_cli_uart.o
 .text.cli_uart_init
                0x0000000000003ff4       0x3c Output/radio_test_pca10056 Release/Obj/nrf_cli_uart.o
 .text.nrf_fprintf_buffer_flush
                0x0000000000004030       0x16 Output/radio_test_pca10056 Release/Obj/nrf_fprintf.o
                0x0000000000004030                nrf_fprintf_buffer_flush
 .text.nrf_fprintf
                0x0000000000004046       0x1c Output/radio_test_pca10056 Release/Obj/nrf_fprintf.o
                0x0000000000004046                nrf_fprintf
 .text.buffer_add
                0x0000000000004062       0x2e Output/radio_test_pca10056 Release/Obj/nrf_fprintf_format.o
 .text.unsigned_print
                0x0000000000004090       0xb0 Output/radio_test_pca10056 Release/Obj/nrf_fprintf_format.o
 .text.nrf_fprintf_fmt
                0x0000000000004140      0x276 Output/radio_test_pca10056 Release/Obj/nrf_fprintf_format.o
                0x0000000000004140                nrf_fprintf_fmt
 .text.memobj_op
                0x00000000000043b6       0x82 Output/radio_test_pca10056 Release/Obj/nrf_memobj.o
 .text.nrf_memobj_pool_init
                0x0000000000004438        0x4 Output/radio_test_pca10056 Release/Obj/nrf_memobj.o
                0x0000000000004438                nrf_memobj_pool_init
 .text.nrf_memobj_free
                0x000000000000443c       0x2c Output/radio_test_pca10056 Release/Obj/nrf_memobj.o
                0x000000000000443c                nrf_memobj_free
 .text.nrf_memobj_alloc
                0x0000000000004468       0x5e Output/radio_test_pca10056 Release/Obj/nrf_memobj.o
                0x0000000000004468                nrf_memobj_alloc
 .text.nrf_memobj_get
                0x00000000000044c6        0x8 Output/radio_test_pca10056 Release/Obj/nrf_memobj.o
                0x00000000000044c6                nrf_memobj_get
 .text.nrf_memobj_put
                0x00000000000044ce       0x1e Output/radio_test_pca10056 Release/Obj/nrf_memobj.o
                0x00000000000044ce                nrf_memobj_put
 .text.nrf_memobj_write
                0x00000000000044ec       0x14 Output/radio_test_pca10056 Release/Obj/nrf_memobj.o
                0x00000000000044ec                nrf_memobj_write
 .text.nrf_memobj_read
                0x0000000000004500       0x14 Output/radio_test_pca10056 Release/Obj/nrf_memobj.o
                0x0000000000004500                nrf_memobj_read
 .text.nrf_pwr_mgmt_feed
                0x0000000000004514        0x2 Output/radio_test_pca10056 Release/Obj/nrf_pwr_mgmt.o
                0x0000000000004514                nrf_pwr_mgmt_feed
 .text.queue_utilization_get
                0x0000000000004516       0x18 Output/radio_test_pca10056 Release/Obj/nrf_queue.o
 .text.nrf_queue_is_full
                0x000000000000452e       0x18 Output/radio_test_pca10056 Release/Obj/nrf_queue.o
                0x000000000000452e                nrf_queue_is_full
 .text.nrf_queue_push
                0x0000000000004546       0xa0 Output/radio_test_pca10056 Release/Obj/nrf_queue.o
                0x0000000000004546                nrf_queue_push
 .text.nrf_queue_utilization_get
                0x00000000000045e6       0x1c Output/radio_test_pca10056 Release/Obj/nrf_queue.o
                0x00000000000045e6                nrf_queue_utilization_get
 *fill*         0x0000000000004602        0x2 
 .text.nrf_queue_status
                0x0000000000004604       0xc8 Output/radio_test_pca10056 Release/Obj/nrf_queue.o
 .text.nrf_queue_is_empty
                0x00000000000046cc        0xe Output/radio_test_pca10056 Release/Obj/nrf_queue.o
                0x00000000000046cc                nrf_queue_is_empty
 .text.nrf_queue_generic_pop
                0x00000000000046da       0x7e Output/radio_test_pca10056 Release/Obj/nrf_queue.o
                0x00000000000046da                nrf_queue_generic_pop
 .text.nrf_queue_max_utilization_get
                0x0000000000004758        0x6 Output/radio_test_pca10056 Release/Obj/nrf_queue.o
                0x0000000000004758                nrf_queue_max_utilization_get
 .text.nrf_queue_max_utilization_reset
                0x000000000000475e        0x8 Output/radio_test_pca10056 Release/Obj/nrf_queue.o
                0x000000000000475e                nrf_queue_max_utilization_reset
 .text.nrf_ringbuf_init
                0x0000000000004766       0x12 Output/radio_test_pca10056 Release/Obj/nrf_ringbuf.o
                0x0000000000004766                nrf_ringbuf_init
 .text.nrf_ringbuf_alloc
                0x0000000000004778       0x74 Output/radio_test_pca10056 Release/Obj/nrf_ringbuf.o
                0x0000000000004778                nrf_ringbuf_alloc
 .text.nrf_ringbuf_put
                0x00000000000047ec       0x2e Output/radio_test_pca10056 Release/Obj/nrf_ringbuf.o
                0x00000000000047ec                nrf_ringbuf_put
 .text.nrf_ringbuf_cpy_put
                0x000000000000481a       0x7c Output/radio_test_pca10056 Release/Obj/nrf_ringbuf.o
                0x000000000000481a                nrf_ringbuf_cpy_put
 .text.nrf_ringbuf_get
                0x0000000000004896       0x76 Output/radio_test_pca10056 Release/Obj/nrf_ringbuf.o
                0x0000000000004896                nrf_ringbuf_get
 .text.nrf_ringbuf_cpy_get
                0x000000000000490c       0x7e Output/radio_test_pca10056 Release/Obj/nrf_ringbuf.o
                0x000000000000490c                nrf_ringbuf_cpy_get
 .text.nrf_ringbuf_free
                0x000000000000498a       0x22 Output/radio_test_pca10056 Release/Obj/nrf_ringbuf.o
                0x000000000000498a                nrf_ringbuf_free
 .text.nrf_sortlist_add
                0x00000000000049ac       0x20 Output/radio_test_pca10056 Release/Obj/nrf_sortlist.o
                0x00000000000049ac                nrf_sortlist_add
 .text.nrf_sortlist_pop
                0x00000000000049cc        0xc Output/radio_test_pca10056 Release/Obj/nrf_sortlist.o
                0x00000000000049cc                nrf_sortlist_pop
 .text.nrf_sortlist_peek
                0x00000000000049d8        0x6 Output/radio_test_pca10056 Release/Obj/nrf_sortlist.o
                0x00000000000049d8                nrf_sortlist_peek
 .text.nrf_sortlist_remove
                0x00000000000049de       0x1a Output/radio_test_pca10056 Release/Obj/nrf_sortlist.o
                0x00000000000049de                nrf_sortlist_remove
 .text.nrf_strerror_find
                0x00000000000049f8       0x3c Output/radio_test_pca10056 Release/Obj/nrf_strerror.o
                0x00000000000049f8                nrf_strerror_find
 .text.nrf_strerror_get
                0x0000000000004a34       0x14 Output/radio_test_pca10056 Release/Obj/nrf_strerror.o
                0x0000000000004a34                nrf_strerror_get
 .text.state_set
                0x0000000000004a48       0x24 Output/radio_test_pca10056 Release/Obj/app_button.o
 .text.button_get
                0x0000000000004a6c       0x30 Output/radio_test_pca10056 Release/Obj/app_button.o
 .text.usr_event
                0x0000000000004a9c       0x1c Output/radio_test_pca10056 Release/Obj/app_button.o
 .text.timer_start
                0x0000000000004ab8       0x18 Output/radio_test_pca10056 Release/Obj/app_button.o
 .text.gpiote_event_handler
                0x0000000000004ad0       0x34 Output/radio_test_pca10056 Release/Obj/app_button.o
 .text.evt_handle
                0x0000000000004b04       0xdc Output/radio_test_pca10056 Release/Obj/app_button.o
                0x0000000000004b04                evt_handle
 .text.detection_delay_timeout_handler
                0x0000000000004be0       0x5c Output/radio_test_pca10056 Release/Obj/app_button.o
 .text.app_button_init
                0x0000000000004c3c       0xac Output/radio_test_pca10056 Release/Obj/app_button.o
                0x0000000000004c3c                app_button_init
 .text.app_button_enable
                0x0000000000004ce8       0x2c Output/radio_test_pca10056 Release/Obj/app_button.o
                0x0000000000004ce8                app_button_enable
 .text.clock_clk_started_notify
                0x0000000000004d14       0x24 Output/radio_test_pca10056 Release/Obj/nrf_drv_clock.o
 .text.clock_irq_handler
                0x0000000000004d38       0x1c Output/radio_test_pca10056 Release/Obj/nrf_drv_clock.o
 .text.nrf_drv_clock_init
                0x0000000000004d54       0x30 Output/radio_test_pca10056 Release/Obj/nrf_drv_clock.o
                0x0000000000004d54                nrf_drv_clock_init
 .text.nrf_drv_clock_lfclk_request
                0x0000000000004d84       0x54 Output/radio_test_pca10056 Release/Obj/nrf_drv_clock.o
                0x0000000000004d84                nrf_drv_clock_lfclk_request
 .text.uarte_evt_handler
                0x0000000000004dd8       0x34 Output/radio_test_pca10056 Release/Obj/nrf_drv_uart.o
 .text.uart_evt_handler
                0x0000000000004e0c       0x34 Output/radio_test_pca10056 Release/Obj/nrf_drv_uart.o
 .text.nrf_drv_uart_init
                0x0000000000004e40       0x78 Output/radio_test_pca10056 Release/Obj/nrf_drv_uart.o
                0x0000000000004e40                nrf_drv_uart_init
 .text.nrfx_clock_init
                0x0000000000004eb8       0x18 Output/radio_test_pca10056 Release/Obj/nrfx_clock.o
                0x0000000000004eb8                nrfx_clock_init
 .text.nrfx_clock_enable
                0x0000000000004ed0       0x24 Output/radio_test_pca10056 Release/Obj/nrfx_clock.o
                0x0000000000004ed0                nrfx_clock_enable
 .text.nrfx_clock_lfclk_start
                0x0000000000004ef4       0x24 Output/radio_test_pca10056 Release/Obj/nrfx_clock.o
                0x0000000000004ef4                nrfx_clock_lfclk_start
 .text.POWER_CLOCK_IRQHandler
                0x0000000000004f18       0x64 Output/radio_test_pca10056 Release/Obj/nrfx_clock.o
                0x0000000000004f18                POWER_CLOCK_IRQHandler
 .text.UARTE0_UART0_IRQHandler
                0x0000000000004f7c        0xc Output/radio_test_pca10056 Release/Obj/nrfx_prs.o
                0x0000000000004f7c                UARTE0_UART0_IRQHandler
 .text.nrfx_prs_acquire
                0x0000000000004f88       0x38 Output/radio_test_pca10056 Release/Obj/nrfx_prs.o
                0x0000000000004f88                nrfx_prs_acquire
 .text.nrfx_prs_release
                0x0000000000004fc0       0x18 Output/radio_test_pca10056 Release/Obj/nrfx_prs.o
                0x0000000000004fc0                nrfx_prs_release
 .text.nrf_uart_event_clear
                0x0000000000004fd8       0x10 Output/radio_test_pca10056 Release/Obj/nrfx_uart.o
 .text.tx_byte  0x0000000000004fe8       0x1e Output/radio_test_pca10056 Release/Obj/nrfx_uart.o
 .text.rx_enable.isra.4
                0x0000000000005006       0x20 Output/radio_test_pca10056 Release/Obj/nrfx_uart.o
 .text.rx_byte  0x0000000000005026       0x2c Output/radio_test_pca10056 Release/Obj/nrfx_uart.o
 *fill*         0x0000000000005052        0x2 
 .text.rx_done_event.constprop.7
                0x0000000000005054       0x20 Output/radio_test_pca10056 Release/Obj/nrfx_uart.o
 .text.nrfx_uart_0_irq_handler
                0x0000000000005074      0x140 Output/radio_test_pca10056 Release/Obj/nrfx_uart.o
                0x0000000000005074                nrfx_uart_0_irq_handler
 .text.nrf_gpio_cfg_default
                0x00000000000051b4       0x20 Output/radio_test_pca10056 Release/Obj/nrfx_uart.o
 .text.nrfx_uart_init
                0x00000000000051d4      0x1a8 Output/radio_test_pca10056 Release/Obj/nrfx_uart.o
                0x00000000000051d4                nrfx_uart_init
 .text.nrfx_uart_uninit
                0x000000000000537c       0xac Output/radio_test_pca10056 Release/Obj/nrfx_uart.o
                0x000000000000537c                nrfx_uart_uninit
 .text.nrfx_uart_tx
                0x0000000000005428       0x94 Output/radio_test_pca10056 Release/Obj/nrfx_uart.o
                0x0000000000005428                nrfx_uart_tx
 .text.nrfx_uart_tx_in_progress
                0x00000000000054bc       0x18 Output/radio_test_pca10056 Release/Obj/nrfx_uart.o
                0x00000000000054bc                nrfx_uart_tx_in_progress
 .text.nrfx_uart_rx
                0x00000000000054d4       0xf0 Output/radio_test_pca10056 Release/Obj/nrfx_uart.o
                0x00000000000054d4                nrfx_uart_rx
 .text.nrfx_uart_rx_abort
                0x00000000000055c4       0x10 Output/radio_test_pca10056 Release/Obj/nrfx_uart.o
                0x00000000000055c4                nrfx_uart_rx_abort
 .text.nrf_uarte_event_clear
                0x00000000000055d4       0x10 Output/radio_test_pca10056 Release/Obj/nrfx_uarte.o
 .text.rx_done_event.constprop.6
                0x00000000000055e4       0x20 Output/radio_test_pca10056 Release/Obj/nrfx_uarte.o
 .text.nrf_gpio_cfg_default
                0x0000000000005604       0x20 Output/radio_test_pca10056 Release/Obj/nrfx_uarte.o
 .text.nrfx_uarte_0_irq_handler
                0x0000000000005624      0x120 Output/radio_test_pca10056 Release/Obj/nrfx_uarte.o
                0x0000000000005624                nrfx_uarte_0_irq_handler
 .text.nrfx_uarte_init
                0x0000000000005744      0x1c4 Output/radio_test_pca10056 Release/Obj/nrfx_uarte.o
                0x0000000000005744                nrfx_uarte_init
 .text.nrfx_uarte_uninit
                0x0000000000005908       0xd0 Output/radio_test_pca10056 Release/Obj/nrfx_uarte.o
                0x0000000000005908                nrfx_uarte_uninit
 .text.nrfx_uarte_tx
                0x00000000000059d8       0x90 Output/radio_test_pca10056 Release/Obj/nrfx_uarte.o
                0x00000000000059d8                nrfx_uarte_tx
 .text.nrfx_uarte_tx_in_progress
                0x0000000000005a68       0x18 Output/radio_test_pca10056 Release/Obj/nrfx_uarte.o
                0x0000000000005a68                nrfx_uarte_tx_in_progress
 .text.nrfx_uarte_rx
                0x0000000000005a80       0xd8 Output/radio_test_pca10056 Release/Obj/nrfx_uarte.o
                0x0000000000005a80                nrfx_uarte_rx
 .text.nrfx_uarte_rx_abort
                0x0000000000005b58       0x28 Output/radio_test_pca10056 Release/Obj/nrfx_uarte.o
                0x0000000000005b58                nrfx_uarte_rx_abort
 .text.nrf_gpiote_event_clear
                0x0000000000005b80       0x18 Output/radio_test_pca10056 Release/Obj/nrfx_gpiote.o
 .text.nrf_gpio_pin_port_decode
                0x0000000000005b98       0x18 Output/radio_test_pca10056 Release/Obj/nrfx_gpiote.o
 .text.nrf_gpio_cfg_sense_set
                0x0000000000005bb0       0x2e Output/radio_test_pca10056 Release/Obj/nrfx_gpiote.o
 *fill*         0x0000000000005bde        0x2 
 .text.channel_free
                0x0000000000005be0       0x1c Output/radio_test_pca10056 Release/Obj/nrfx_gpiote.o
 .text.nrfx_gpiote_init
                0x0000000000005bfc       0x70 Output/radio_test_pca10056 Release/Obj/nrfx_gpiote.o
                0x0000000000005bfc                nrfx_gpiote_init
 .text.nrfx_gpiote_is_init
                0x0000000000005c6c       0x14 Output/radio_test_pca10056 Release/Obj/nrfx_gpiote.o
                0x0000000000005c6c                nrfx_gpiote_is_init
 .text.nrfx_gpiote_in_init
                0x0000000000005c80       0xf8 Output/radio_test_pca10056 Release/Obj/nrfx_gpiote.o
                0x0000000000005c80                nrfx_gpiote_in_init
 .text.nrfx_gpiote_in_event_enable
                0x0000000000005d78       0x94 Output/radio_test_pca10056 Release/Obj/nrfx_gpiote.o
                0x0000000000005d78                nrfx_gpiote_in_event_enable
 .text.nrfx_gpiote_in_is_set
                0x0000000000005e0c       0x1c Output/radio_test_pca10056 Release/Obj/nrfx_gpiote.o
                0x0000000000005e0c                nrfx_gpiote_in_is_set
 .text.GPIOTE_IRQHandler
                0x0000000000005e28      0x1ac Output/radio_test_pca10056 Release/Obj/nrfx_gpiote.o
                0x0000000000005e28                GPIOTE_IRQHandler
 .text.button_event_handler
                0x0000000000005fd4       0xc0 Output/radio_test_pca10056 Release/Obj/main.o
 .text.startup.main
                0x0000000000006094      0x124 Output/radio_test_pca10056 Release/Obj/main.o
                0x0000000000006094                main
 .text.cmd_ble_ieee
                0x00000000000061b8       0x1c Output/radio_test_pca10056 Release/Obj/radio_cmd.o
 .text.cmd_ble_lr500kbit
                0x00000000000061d4       0x1c Output/radio_test_pca10056 Release/Obj/radio_cmd.o
 .text.cmd_ble_lr125kbit
                0x00000000000061f0       0x1c Output/radio_test_pca10056 Release/Obj/radio_cmd.o
 .text.cmd_ble_2mbit
                0x000000000000620c       0x1c Output/radio_test_pca10056 Release/Obj/radio_cmd.o
 .text.cmd_ble_1mbit
                0x0000000000006228       0x1c Output/radio_test_pca10056 Release/Obj/radio_cmd.o
 .text.cmd_nrf_2mbit
                0x0000000000006244       0x1c Output/radio_test_pca10056 Release/Obj/radio_cmd.o
 .text.cmd_nrf_1mbit
                0x0000000000006260       0x1c Output/radio_test_pca10056 Release/Obj/radio_cmd.o
 .text.cmd_neg40dbm
                0x000000000000627c       0x1c Output/radio_test_pca10056 Release/Obj/radio_cmd.o
 .text.cmd_neg30dbm
                0x0000000000006298       0x1c Output/radio_test_pca10056 Release/Obj/radio_cmd.o
 .text.cmd_neg20dbm
                0x00000000000062b4       0x1c Output/radio_test_pca10056 Release/Obj/radio_cmd.o
 .text.cmd_neg16dbm
                0x00000000000062d0       0x1c Output/radio_test_pca10056 Release/Obj/radio_cmd.o
 .text.cmd_neg12dbm
                0x00000000000062ec       0x1c Output/radio_test_pca10056 Release/Obj/radio_cmd.o
 .text.cmd_neg8dbm
                0x0000000000006308       0x1c Output/radio_test_pca10056 Release/Obj/radio_cmd.o
 .text.cmd_neg4dbm
                0x0000000000006324       0x1c Output/radio_test_pca10056 Release/Obj/radio_cmd.o
 .text.cmd_pos0dbm
                0x0000000000006340       0x1c Output/radio_test_pca10056 Release/Obj/radio_cmd.o
 .text.cmd_pos4dbm
                0x000000000000635c       0x1c Output/radio_test_pca10056 Release/Obj/radio_cmd.o
 .text.cmd_pos3dbm
                0x0000000000006378       0x1c Output/radio_test_pca10056 Release/Obj/radio_cmd.o
 .text.cmd_pos2dbm
                0x0000000000006394       0x1c Output/radio_test_pca10056 Release/Obj/radio_cmd.o
 .text.cmd_pos5dbm
                0x00000000000063b0       0x1c Output/radio_test_pca10056 Release/Obj/radio_cmd.o
 .text.cmd_pos6dbm
                0x00000000000063cc       0x1c Output/radio_test_pca10056 Release/Obj/radio_cmd.o
 .text.cmd_pos7dbm
                0x00000000000063e8       0x1c Output/radio_test_pca10056 Release/Obj/radio_cmd.o
 .text.cmd_pos8dbm
                0x0000000000006404       0x1c Output/radio_test_pca10056 Release/Obj/radio_cmd.o
 .text.cmd_pattern_11001100
                0x0000000000006420       0x1c Output/radio_test_pca10056 Release/Obj/radio_cmd.o
 .text.cmd_pattern_11110000
                0x000000000000643c       0x1c Output/radio_test_pca10056 Release/Obj/radio_cmd.o
 .text.cmd_pattern_random
                0x0000000000006458       0x1c Output/radio_test_pca10056 Release/Obj/radio_cmd.o
 .text.cmd_transmit_pattern_set
                0x0000000000006474       0x44 Output/radio_test_pca10056 Release/Obj/radio_cmd.o
 .text.ieee_channel_check
                0x00000000000064b8       0x4c Output/radio_test_pca10056 Release/Obj/radio_cmd.o
 .text.cmd_print
                0x0000000000006504      0x1d0 Output/radio_test_pca10056 Release/Obj/radio_cmd.o
 .text.cmd_print_payload.part.6
                0x00000000000066d4        0x8 Output/radio_test_pca10056 Release/Obj/radio_cmd.o
 .text.cmd_print_payload
                0x00000000000066dc       0x60 Output/radio_test_pca10056 Release/Obj/radio_cmd.o
 .text.cmd_end_channel_set
                0x000000000000673c       0x68 Output/radio_test_pca10056 Release/Obj/radio_cmd.o
 .text.cmd_time_set
                0x00000000000067a4       0x68 Output/radio_test_pca10056 Release/Obj/radio_cmd.o
 .text.cmd_cancel
                0x000000000000680c       0x12 Output/radio_test_pca10056 Release/Obj/radio_cmd.o
 *fill*         0x000000000000681e        0x2 
 .text.cmd_tx_carrier_start
                0x0000000000006820       0x64 Output/radio_test_pca10056 Release/Obj/radio_cmd.o
 .text.cmd_tx_modulated_carrier_start
                0x0000000000006884       0x64 Output/radio_test_pca10056 Release/Obj/radio_cmd.o
 .text.cmd_duty_cycle_set
                0x00000000000068e8       0x84 Output/radio_test_pca10056 Release/Obj/radio_cmd.o
 .text.cmd_rx_sweep_start
                0x000000000000696c       0x58 Output/radio_test_pca10056 Release/Obj/radio_cmd.o
 .text.cmd_tx_sweep_start
                0x00000000000069c4       0x64 Output/radio_test_pca10056 Release/Obj/radio_cmd.o
 .text.cmd_rx_start
                0x0000000000006a28       0x5c Output/radio_test_pca10056 Release/Obj/radio_cmd.o
 .text.cmd_toggle_dc
                0x0000000000006a84       0x90 Output/radio_test_pca10056 Release/Obj/radio_cmd.o
 .text.cmd_start_channel_set
                0x0000000000006b14       0x68 Output/radio_test_pca10056 Release/Obj/radio_cmd.o
 .text.cmd_output_power_set
                0x0000000000006b7c       0x44 Output/radio_test_pca10056 Release/Obj/radio_cmd.o
 .text.cmd_data_rate_set
                0x0000000000006bc0       0x44 Output/radio_test_pca10056 Release/Obj/radio_cmd.o
 .text.timer0_init
                0x0000000000006c04       0x40 Output/radio_test_pca10056 Release/Obj/radio_test.o
 .text.rnd8     0x0000000000006c44       0x1c Output/radio_test_pca10056 Release/Obj/radio_test.o
 .text.radio_config
                0x0000000000006c60       0xf8 Output/radio_test_pca10056 Release/Obj/radio_test.o
 .text.generate_modulated_rf_packet
                0x0000000000006d58       0x64 Output/radio_test_pca10056 Release/Obj/radio_test.o
 .text.radio_disable
                0x0000000000006dbc       0x24 Output/radio_test_pca10056 Release/Obj/radio_test.o
 .text.radio_channel_set.part.0
                0x0000000000006de0       0x24 Output/radio_test_pca10056 Release/Obj/radio_test.o
 .text.radio_sweep_end
                0x0000000000006e04       0x10 Output/radio_test_pca10056 Release/Obj/radio_test.o
                0x0000000000006e04                radio_sweep_end
 .text.radio_unmodulated_tx_carrier
                0x0000000000006e14       0x34 Output/radio_test_pca10056 Release/Obj/radio_test.o
                0x0000000000006e14                radio_unmodulated_tx_carrier
 .text.radio_modulated_tx_carrier
                0x0000000000006e48       0x6c Output/radio_test_pca10056 Release/Obj/radio_test.o
                0x0000000000006e48                radio_modulated_tx_carrier
 .text.radio_modulated_tx_carrier_duty_cycle
                0x0000000000006eb4       0x9c Output/radio_test_pca10056 Release/Obj/radio_test.o
                0x0000000000006eb4                radio_modulated_tx_carrier_duty_cycle
 .text.radio_rx
                0x0000000000006f50       0x40 Output/radio_test_pca10056 Release/Obj/radio_test.o
                0x0000000000006f50                radio_rx
 .text.radio_tx_sweep_start
                0x0000000000006f90       0x4c Output/radio_test_pca10056 Release/Obj/radio_test.o
                0x0000000000006f90                radio_tx_sweep_start
 .text.radio_rx_sweep_start
                0x0000000000006fdc       0x40 Output/radio_test_pca10056 Release/Obj/radio_test.o
                0x0000000000006fdc                radio_rx_sweep_start
 .text.toggle_dcdc_state
                0x000000000000701c       0x2e Output/radio_test_pca10056 Release/Obj/radio_test.o
                0x000000000000701c                toggle_dcdc_state
 *fill*         0x000000000000704a        0x2 
 .text.TIMER0_IRQHandler
                0x000000000000704c       0xa0 Output/radio_test_pca10056 Release/Obj/radio_test.o
                0x000000000000704c                TIMER0_IRQHandler
 .text._GetAvailWriteSpace
                0x00000000000070ec       0x1c Output/radio_test_pca10056 Release/Obj/SEGGER_RTT.o
 .text._WriteNoCheck
                0x0000000000007108       0x34 Output/radio_test_pca10056 Release/Obj/SEGGER_RTT.o
 .text._WriteBlocking
                0x000000000000713c       0x52 Output/radio_test_pca10056 Release/Obj/SEGGER_RTT.o
 *fill*         0x000000000000718e        0x2 
 .text.SEGGER_RTT_WriteNoLock
                0x0000000000007190       0x68 Output/radio_test_pca10056 Release/Obj/SEGGER_RTT.o
                0x0000000000007190                SEGGER_RTT_WriteNoLock
 .text.errata_98
                0x00000000000071f8       0x20 Output/radio_test_pca10056 Release/Obj/system_nrf52840.o
 .text.SystemInit
                0x0000000000007218      0x1b8 Output/radio_test_pca10056 Release/Obj/system_nrf52840.o
                0x0000000000007218                SystemInit
 .text.libc.__RAL_ascii_isctype
                0x00000000000073d0       0x1c C:/Program Files/SEGGER/SEGGER Embedded Studio for ARM 4.22/lib/libc_v7em_fpv4_sp_d16_hard_t_le_eabi.a(libc2.o)
 .text.libc.__RAL_ascii_toupper
                0x00000000000073ec        0xc C:/Program Files/SEGGER/SEGGER Embedded Studio for ARM 4.22/lib/libc_v7em_fpv4_sp_d16_hard_t_le_eabi.a(libc2.o)
 .text.libc.__RAL_ascii_tolower
                0x00000000000073f8        0xc C:/Program Files/SEGGER/SEGGER Embedded Studio for ARM 4.22/lib/libc_v7em_fpv4_sp_d16_hard_t_le_eabi.a(libc2.o)
 .text.libc.__RAL_ascii_iswctype
                0x0000000000007404       0x1c C:/Program Files/SEGGER/SEGGER Embedded Studio for ARM 4.22/lib/libc_v7em_fpv4_sp_d16_hard_t_le_eabi.a(libc2.o)
 .text.libc.__RAL_ascii_towupper
                0x0000000000007420        0xc C:/Program Files/SEGGER/SEGGER Embedded Studio for ARM 4.22/lib/libc_v7em_fpv4_sp_d16_hard_t_le_eabi.a(libc2.o)
 .text.libc.__RAL_ascii_towlower
                0x000000000000742c        0xc C:/Program Files/SEGGER/SEGGER Embedded Studio for ARM 4.22/lib/libc_v7em_fpv4_sp_d16_hard_t_le_eabi.a(libc2.o)
 .text.libc.__RAL_ascii_wctomb
                0x0000000000007438        0xe C:/Program Files/SEGGER/SEGGER Embedded Studio for ARM 4.22/lib/libc_v7em_fpv4_sp_d16_hard_t_le_eabi.a(libc2.o)
                0x0000000000007438                __RAL_ascii_wctomb
 .text.libc.__RAL_ascii_mbtowc
                0x0000000000007446       0x24 C:/Program Files/SEGGER/SEGGER Embedded Studio for ARM 4.22/lib/libc_v7em_fpv4_sp_d16_hard_t_le_eabi.a(libc2.o)
                0x0000000000007446                __RAL_ascii_mbtowc
 *fill*         0x000000000000746a        0x2 
 .text.libc.__RAL_isctype
                0x000000000000746c       0x14 C:/Program Files/SEGGER/SEGGER Embedded Studio for ARM 4.22/lib/libc_v7em_fpv4_sp_d16_hard_t_le_eabi.a(libc2.o)
                0x000000000000746c                __RAL_isctype
 .text.libc.isupper
                0x0000000000007480        0xa C:/Program Files/SEGGER/SEGGER Embedded Studio for ARM 4.22/lib/libc_v7em_fpv4_sp_d16_hard_t_le_eabi.a(libc2.o)
                0x0000000000007480                isupper
 .text.libc.islower
                0x000000000000748a        0xa C:/Program Files/SEGGER/SEGGER Embedded Studio for ARM 4.22/lib/libc_v7em_fpv4_sp_d16_hard_t_le_eabi.a(libc2.o)
                0x000000000000748a                islower
 .text.libc.isdigit
                0x0000000000007494        0xa C:/Program Files/SEGGER/SEGGER Embedded Studio for ARM 4.22/lib/libc_v7em_fpv4_sp_d16_hard_t_le_eabi.a(libc2.o)
                0x0000000000007494                isdigit
 .text.libc.__digit
                0x000000000000749e       0x3c C:/Program Files/SEGGER/SEGGER Embedded Studio for ARM 4.22/lib/libc_v7em_fpv4_sp_d16_hard_t_le_eabi.a(libc2.o)
                0x000000000000749e                __digit
 .text.libc.isspace
                0x00000000000074da        0xa C:/Program Files/SEGGER/SEGGER Embedded Studio for ARM 4.22/lib/libc_v7em_fpv4_sp_d16_hard_t_le_eabi.a(libc2.o)
                0x00000000000074da                isspace
 .text.libc.isprint
                0x00000000000074e4        0xa C:/Program Files/SEGGER/SEGGER Embedded Studio for ARM 4.22/lib/libc_v7em_fpv4_sp_d16_hard_t_le_eabi.a(libc2.o)
                0x00000000000074e4                isprint
 *fill*         0x00000000000074ee        0x2 
 .text.libc.__aeabi_errno_addr
                0x00000000000074f0       0x14 C:/Program Files/SEGGER/SEGGER Embedded Studio for ARM 4.22/lib/libc_v7em_fpv4_sp_d16_hard_t_le_eabi.a(libc2.o)
                0x00000000000074f0                __aeabi_errno_addr
 .text.libc.__strtoul
                0x0000000000007504       0xe0 C:/Program Files/SEGGER/SEGGER Embedded Studio for ARM 4.22/lib/libc_v7em_fpv4_sp_d16_hard_t_le_eabi.a(libc2.o)
                0x0000000000007504                __strtoul
 .text.libc.memmove
                0x00000000000075e4       0x3a C:/Program Files/SEGGER/SEGGER Embedded Studio for ARM 4.22/lib/libc_v7em_fpv4_sp_d16_hard_t_le_eabi.a(libc2.o)
                0x00000000000075e4                __aeabi_memmove8
                0x00000000000075e4                __aeabi_memmove
                0x00000000000075e4                __aeabi_memmove4
                0x00000000000075e4                memmove
 .text.libc.qsort
                0x000000000000761e      0x240 C:/Program Files/SEGGER/SEGGER Embedded Studio for ARM 4.22/lib/libc_v7em_fpv4_sp_d16_hard_t_le_eabi.a(libc2.o)
                0x000000000000761e                qsort
 .text.libc.strncmp
                0x000000000000785e       0x40 C:/Program Files/SEGGER/SEGGER Embedded Studio for ARM 4.22/lib/libc_v7em_fpv4_sp_d16_hard_t_le_eabi.a(libc2.o)
                0x000000000000785e                strncmp
 .text.libc.strtol
                0x000000000000789e       0xaa C:/Program Files/SEGGER/SEGGER Embedded Studio for ARM 4.22/lib/libc_v7em_fpv4_sp_d16_hard_t_le_eabi.a(libc2.o)
                0x000000000000789e                strtol
 .text.libc.atoi
                0x0000000000007948       0x20 C:/Program Files/SEGGER/SEGGER Embedded Studio for ARM 4.22/lib/libc_v7em_fpv4_sp_d16_hard_t_le_eabi.a(libc2.o)
                0x0000000000007948                atoi
 .text.libc.memcpy
                0x0000000000007968       0x52 C:/Program Files/SEGGER/SEGGER Embedded Studio for ARM 4.22/lib/libc_v7em_fpv4_sp_d16_hard_t_le_eabi.a(libc2_asm.o)
                0x0000000000007968                __aeabi_memcpy
                0x0000000000007968                memcpy
                0x0000000000007974                __aeabi_memcpy8
                0x0000000000007974                __aeabi_memcpy4
 .text.libc.memset
                0x00000000000079ba       0x66 C:/Program Files/SEGGER/SEGGER Embedded Studio for ARM 4.22/lib/libc_v7em_fpv4_sp_d16_hard_t_le_eabi.a(libc2_asm.o)
                0x00000000000079ba                memset
 .text.libc.strcpy
                0x0000000000007a20       0x44 C:/Program Files/SEGGER/SEGGER Embedded Studio for ARM 4.22/lib/libc_v7em_fpv4_sp_d16_hard_t_le_eabi.a(libc2_asm.o)
                0x0000000000007a20                strcpy
 .text.libc.strcmp
                0x0000000000007a64       0x4e C:/Program Files/SEGGER/SEGGER Embedded Studio for ARM 4.22/lib/libc_v7em_fpv4_sp_d16_hard_t_le_eabi.a(libc2_asm.o)
                0x0000000000007a64                strcmp
 .text.libc.strlen
                0x0000000000007ab2       0x60 C:/Program Files/SEGGER/SEGGER Embedded Studio for ARM 4.22/lib/libc_v7em_fpv4_sp_d16_hard_t_le_eabi.a(libc2_asm.o)
                0x0000000000007ab2                strlen
                0x0000000000007b12                __text_end__ = (__text_start__ + SIZEOF (.text))
                0x0000000000007742                __text_size__ = SIZEOF (.text)
                0x0000000000007b12                __text_load_end__ = __text_end__

.vfp11_veneer   0x0000000100000000        0x0
 .vfp11_veneer  0x0000000100000000        0x0 linker stubs

.v4_bx          0x0000000100000000        0x0
 .v4_bx         0x0000000100000000        0x0 linker stubs

.iplt           0x0000000100000000        0x0
 .iplt          0x0000000100000000        0x0 Output/radio_test_pca10056 Release/Obj/thumb_crt0.o
                0x0000000000000001                . = ASSERT (((__text_start__ == __text_end__) || ((__text_end__ - __FLASH_segment_start__) <= __FLASH_segment_size__)), error: .text is too large to fit in FLASH memory segment)
                0x0000000000007b14                __cli_command_load_start__ = ALIGN (__text_end__, 0x4)

.cli_command    0x0000000000007b14       0xb8
                0x0000000000007b14                __cli_command_start__ = .
                0x0000000000007b14                __start_cli_command = __cli_command_start__
 *(.cli_command*)
 .cli_command   0x0000000000007b14        0x8 Output/radio_test_pca10056 Release/Obj/nrf_log_frontend.o
                0x0000000000007b14                nrf_cli_log_const
 .cli_command   0x0000000000007b1c        0x8 Output/radio_test_pca10056 Release/Obj/nrf_balloc.o
                0x0000000000007b1c                nrf_cli_balloc_const
 .cli_command   0x0000000000007b24       0x20 Output/radio_test_pca10056 Release/Obj/nrf_cli.o
                0x0000000000007b24                nrf_cli_resize_const
                0x0000000000007b2c                nrf_cli_history_const
                0x0000000000007b34                nrf_cli_cli_const
                0x0000000000007b3c                nrf_cli_clear_const
 .cli_command   0x0000000000007b44        0x8 Output/radio_test_pca10056 Release/Obj/nrf_queue.o
                0x0000000000007b44                nrf_cli_queue_const
 .cli_command   0x0000000000007b4c       0x80 Output/radio_test_pca10056 Release/Obj/radio_cmd.o
                0x0000000000007b4c                nrf_cli_print_rx_const
                0x0000000000007b54                nrf_cli_toggle_dcdc_state_const
                0x0000000000007b5c                nrf_cli_start_rx_const
                0x0000000000007b64                nrf_cli_start_tx_sweep_const
                0x0000000000007b6c                nrf_cli_start_rx_sweep_const
                0x0000000000007b74                nrf_cli_parameters_print_const
                0x0000000000007b7c                nrf_cli_start_duty_cycle_modulated_tx_const
                0x0000000000007b84                nrf_cli_transmit_pattern_const
                0x0000000000007b8c                nrf_cli_output_power_const
                0x0000000000007b94                nrf_cli_start_tx_modulated_carrier_const
                0x0000000000007b9c                nrf_cli_start_tx_carrier_const
                0x0000000000007ba4                nrf_cli_data_rate_const
                0x0000000000007bac                nrf_cli_cancel_const
                0x0000000000007bb4                nrf_cli_time_on_channel_const
                0x0000000000007bbc                nrf_cli_end_channel_const
                0x0000000000007bc4                nrf_cli_start_channel_const
                0x0000000000007bcc                __cli_command_end__ = (__cli_command_start__ + SIZEOF (.cli_command))
                0x00000000000000b8                __cli_command_size__ = SIZEOF (.cli_command)
                0x0000000000007bcc                __stop_cli_command = __cli_command_end__
                0x0000000000007bcc                __cli_command_load_end__ = __cli_command_end__
                0x0000000000000001                . = ASSERT (((__cli_command_start__ == __cli_command_end__) || ((__cli_command_end__ - __FLASH_segment_start__) <= __FLASH_segment_size__)), error: .cli_command is too large to fit in FLASH memory segment)
                0x0000000000007bcc                __pwr_mgmt_data_load_start__ = ALIGN (__cli_command_end__, 0x4)

.pwr_mgmt_data  0x0000000000007bcc        0x0
                0x0000000000007bcc                __pwr_mgmt_data_start__ = .
                0x0000000000007bcc                __start_pwr_mgmt_data = __pwr_mgmt_data_start__
 *(SORT_BY_NAME(.pwr_mgmt_data*))
                0x0000000000007bcc                __pwr_mgmt_data_end__ = (__pwr_mgmt_data_start__ + SIZEOF (.pwr_mgmt_data))
                0x0000000000000000                __pwr_mgmt_data_size__ = SIZEOF (.pwr_mgmt_data)
                0x0000000000007bcc                __stop_pwr_mgmt_data = __pwr_mgmt_data_end__
                0x0000000000007bcc                __pwr_mgmt_data_load_end__ = __pwr_mgmt_data_end__
                0x0000000000000001                . = ASSERT (((__pwr_mgmt_data_start__ == __pwr_mgmt_data_end__) || ((__pwr_mgmt_data_end__ - __FLASH_segment_start__) <= __FLASH_segment_size__)), error: .pwr_mgmt_data is too large to fit in FLASH memory segment)
                0x0000000000007bcc                __nrf_queue_load_start__ = ALIGN (__pwr_mgmt_data_end__, 0x4)

.nrf_queue      0x0000000000007bcc       0x1c
                0x0000000000007bcc                __nrf_queue_start__ = .
                0x0000000000007bcc                __start_nrf_queue = __nrf_queue_start__
 *(.nrf_queue*)
 .nrf_queue     0x0000000000007bcc       0x1c Output/radio_test_pca10056 Release/Obj/main.o
                0x0000000000007bcc                m_cli_uart_log_backend_queue
                0x0000000000007be8                __nrf_queue_end__ = (__nrf_queue_start__ + SIZEOF (.nrf_queue))
                0x000000000000001c                __nrf_queue_size__ = SIZEOF (.nrf_queue)
                0x0000000000007be8                __stop_nrf_queue = __nrf_queue_end__
                0x0000000000007be8                __nrf_queue_load_end__ = __nrf_queue_end__
                0x0000000000000001                . = ASSERT (((__nrf_queue_start__ == __nrf_queue_end__) || ((__nrf_queue_end__ - __FLASH_segment_start__) <= __FLASH_segment_size__)), error: .nrf_queue is too large to fit in FLASH memory segment)
                0x0000000000007be8                __log_const_data_load_start__ = ALIGN (__nrf_queue_end__, 0x4)

.log_const_data
                0x0000000000007be8       0x90
                0x0000000000007be8                __log_const_data_start__ = .
                0x0000000000007be8                __start_log_const_data = __log_const_data_start__
 *(SORT_BY_NAME(.log_const_data*))
 .log_const_data_CLOCK
                0x0000000000007be8        0x8 Output/radio_test_pca10056 Release/Obj/nrfx_clock.o
                0x0000000000007be8                m_nrf_log_CLOCK_logs_data_const
 .log_const_data_GPIOTE
                0x0000000000007bf0        0x8 Output/radio_test_pca10056 Release/Obj/nrfx_gpiote.o
                0x0000000000007bf0                m_nrf_log_GPIOTE_logs_data_const
 .log_const_data_PRS
                0x0000000000007bf8        0x8 Output/radio_test_pca10056 Release/Obj/nrfx_prs.o
                0x0000000000007bf8                m_nrf_log_PRS_logs_data_const
 .log_const_data_UART
                0x0000000000007c00        0x8 Output/radio_test_pca10056 Release/Obj/nrfx_uart.o
                0x0000000000007c00                m_nrf_log_UART_logs_data_const
 .log_const_data_UARTE
                0x0000000000007c08        0x8 Output/radio_test_pca10056 Release/Obj/nrfx_uarte.o
                0x0000000000007c08                m_nrf_log_UARTE_logs_data_const
 .log_const_data_app
                0x0000000000007c10        0x8 Output/radio_test_pca10056 Release/Obj/nrf_log_frontend.o
                0x0000000000007c10                m_nrf_log_app_logs_data_const
 .log_const_data_app_button
                0x0000000000007c18        0x8 Output/radio_test_pca10056 Release/Obj/app_button.o
                0x0000000000007c18                m_nrf_log_app_button_logs_data_const
 .log_const_data_app_timer
                0x0000000000007c20        0x8 Output/radio_test_pca10056 Release/Obj/app_timer2.o
                0x0000000000007c20                m_nrf_log_app_timer_logs_data_const
 .log_const_data_app_timer_m_cli_uart_transport_timer
                0x0000000000007c28        0x8 Output/radio_test_pca10056 Release/Obj/main.o
                0x0000000000007c28                m_nrf_log_app_timer_m_cli_uart_transport_timer_logs_data_const
 .log_const_data_app_timer_m_detection_delay_timer_id
                0x0000000000007c30        0x8 Output/radio_test_pca10056 Release/Obj/app_button.o
                0x0000000000007c30                m_nrf_log_app_timer_m_detection_delay_timer_id_logs_data_const
 .log_const_data_atfifo_m_req_fifo
                0x0000000000007c38        0x8 Output/radio_test_pca10056 Release/Obj/app_timer2.o
                0x0000000000007c38                m_nrf_log_atfifo_m_req_fifo_logs_data_const
 .log_const_data_balloc_log_mempool
                0x0000000000007c40        0x8 Output/radio_test_pca10056 Release/Obj/nrf_log_frontend.o
                0x0000000000007c40                m_nrf_log_balloc_log_mempool_logs_data_const
 .log_const_data_balloc_m_cli_uart_cmd_hist_memobj
                0x0000000000007c48        0x8 Output/radio_test_pca10056 Release/Obj/main.o
                0x0000000000007c48                m_nrf_log_balloc_m_cli_uart_cmd_hist_memobj_logs_data_const
 .log_const_data_cli_uart
                0x0000000000007c50        0x8 Output/radio_test_pca10056 Release/Obj/nrf_cli_uart.o
                0x0000000000007c50                m_nrf_log_cli_uart_logs_data_const
 .log_const_data_clock
                0x0000000000007c58        0x8 Output/radio_test_pca10056 Release/Obj/nrf_drv_clock.o
                0x0000000000007c58                m_nrf_log_clock_logs_data_const
 .log_const_data_pwr_mgmt
                0x0000000000007c60        0x8 Output/radio_test_pca10056 Release/Obj/nrf_pwr_mgmt.o
                0x0000000000007c60                m_nrf_log_pwr_mgmt_logs_data_const
 .log_const_data_queue_m_cli_uart_log_backend_queue
                0x0000000000007c68        0x8 Output/radio_test_pca10056 Release/Obj/main.o
                0x0000000000007c68                m_nrf_log_queue_m_cli_uart_log_backend_queue_logs_data_const
 .log_const_data_sortlist
                0x0000000000007c70        0x8 Output/radio_test_pca10056 Release/Obj/nrf_sortlist.o
                0x0000000000007c70                m_nrf_log_sortlist_logs_data_const
                0x0000000000007c78                __log_const_data_end__ = (__log_const_data_start__ + SIZEOF (.log_const_data))
                0x0000000000000090                __log_const_data_size__ = SIZEOF (.log_const_data)
                0x0000000000007c78                __stop_log_const_data = __log_const_data_end__
                0x0000000000007c78                __log_const_data_load_end__ = __log_const_data_end__
                0x0000000000000001                . = ASSERT (((__log_const_data_start__ == __log_const_data_end__) || ((__log_const_data_end__ - __FLASH_segment_start__) <= __FLASH_segment_size__)), error: .log_const_data is too large to fit in FLASH memory segment)
                0x0000000000007c78                __log_backends_load_start__ = ALIGN (__log_const_data_end__, 0x4)

.log_backends   0x0000000000007c78       0x30
                0x0000000000007c78                __log_backends_start__ = .
                0x0000000000007c78                __start_log_backends = __log_backends_start__
 *(SORT_BY_NAME(.log_backends*))
 .log_backends  0x0000000000007c78       0x20 Output/radio_test_pca10056 Release/Obj/nrf_log_default_backends.o
 .log_backends  0x0000000000007c98       0x10 Output/radio_test_pca10056 Release/Obj/main.o
                0x0000000000007ca8                __log_backends_end__ = (__log_backends_start__ + SIZEOF (.log_backends))
                0x0000000000000030                __log_backends_size__ = SIZEOF (.log_backends)
                0x0000000000007ca8                __stop_log_backends = __log_backends_end__
                0x0000000000007ca8                __log_backends_load_end__ = __log_backends_end__
                0x0000000000000001                . = ASSERT (((__log_backends_start__ == __log_backends_end__) || ((__log_backends_end__ - __FLASH_segment_start__) <= __FLASH_segment_size__)), error: .log_backends is too large to fit in FLASH memory segment)
                0x0000000000007ca8                __nrf_balloc_load_start__ = ALIGN (__log_backends_end__, 0x4)

.nrf_balloc     0x0000000000007ca8       0x38
                0x0000000000007ca8                __nrf_balloc_start__ = .
                0x0000000000007ca8                __start_nrf_balloc = __nrf_balloc_start__
 *(.nrf_balloc*)
 .nrf_balloc    0x0000000000007ca8       0x1c Output/radio_test_pca10056 Release/Obj/nrf_log_frontend.o
                0x0000000000007ca8                log_mempool
 .nrf_balloc    0x0000000000007cc4       0x1c Output/radio_test_pca10056 Release/Obj/main.o
                0x0000000000007cc4                m_cli_uart_cmd_hist_memobj
                0x0000000000007ce0                __nrf_balloc_end__ = (__nrf_balloc_start__ + SIZEOF (.nrf_balloc))
                0x0000000000000038                __nrf_balloc_size__ = SIZEOF (.nrf_balloc)
                0x0000000000007ce0                __stop_nrf_balloc = __nrf_balloc_end__
                0x0000000000007ce0                __nrf_balloc_load_end__ = __nrf_balloc_end__
                0x0000000000000001                . = ASSERT (((__nrf_balloc_start__ == __nrf_balloc_end__) || ((__nrf_balloc_end__ - __FLASH_segment_start__) <= __FLASH_segment_size__)), error: .nrf_balloc is too large to fit in FLASH memory segment)
                0x0000000000007ce0                __nrf_sections_load_start__ = ALIGN (__nrf_balloc_end__, 0x4)

.nrf_sections   0x0000000000007ce0        0x0
                0x0000000000007ce0                __nrf_sections_start__ = .
                0x0000000000007ce0                __start_nrf_sections = __nrf_sections_start__
 *(.nrf_sections .nrf_sections.*)
                0x0000000000007ce0                __nrf_sections_end__ = (__nrf_sections_start__ + SIZEOF (.nrf_sections))
                0x0000000000000000                __nrf_sections_size__ = SIZEOF (.nrf_sections)
                0x0000000000007ce0                __nrf_sections_load_end__ = __nrf_sections_end__
                0x0000000000000001                . = ASSERT (((__nrf_sections_start__ == __nrf_sections_end__) || ((__nrf_sections_end__ - __FLASH_segment_start__) <= __FLASH_segment_size__)), error: .nrf_sections is too large to fit in FLASH memory segment)
                0x0000000000007ce0                __cli_sorted_cmd_ptrs_load_start__ = ALIGN (__nrf_sections_end__, 0x4)

.cli_sorted_cmd_ptrs
                0x0000000020000000       0x5c load address 0x0000000000007ce0
                0x0000000020000000                __cli_sorted_cmd_ptrs_start__ = .
 *(.cli_sorted_cmd_ptrs*)
 .cli_sorted_cmd_ptrs
                0x0000000020000000        0x4 Output/radio_test_pca10056 Release/Obj/nrf_log_frontend.o
                0x0000000020000000                log_str_ptr
 .cli_sorted_cmd_ptrs
                0x0000000020000004        0x4 Output/radio_test_pca10056 Release/Obj/nrf_balloc.o
                0x0000000020000004                balloc_str_ptr
 .cli_sorted_cmd_ptrs
                0x0000000020000008       0x10 Output/radio_test_pca10056 Release/Obj/nrf_cli.o
                0x0000000020000008                resize_str_ptr
                0x000000002000000c                history_str_ptr
                0x0000000020000010                cli_str_ptr
                0x0000000020000014                clear_str_ptr
 .cli_sorted_cmd_ptrs
                0x0000000020000018        0x4 Output/radio_test_pca10056 Release/Obj/nrf_queue.o
                0x0000000020000018                queue_str_ptr
 .cli_sorted_cmd_ptrs
                0x000000002000001c       0x40 Output/radio_test_pca10056 Release/Obj/radio_cmd.o
                0x000000002000001c                print_rx_str_ptr
                0x0000000020000020                toggle_dcdc_state_str_ptr
                0x0000000020000024                start_rx_str_ptr
                0x0000000020000028                start_tx_sweep_str_ptr
                0x000000002000002c                start_rx_sweep_str_ptr
                0x0000000020000030                parameters_print_str_ptr
                0x0000000020000034                start_duty_cycle_modulated_tx_str_ptr
                0x0000000020000038                transmit_pattern_str_ptr
                0x000000002000003c                output_power_str_ptr
                0x0000000020000040                start_tx_modulated_carrier_str_ptr
                0x0000000020000044                start_tx_carrier_str_ptr
                0x0000000020000048                data_rate_str_ptr
                0x000000002000004c                cancel_str_ptr
                0x0000000020000050                time_on_channel_str_ptr
                0x0000000020000054                end_channel_str_ptr
                0x0000000020000058                start_channel_str_ptr
                0x000000002000005c                __cli_sorted_cmd_ptrs_end__ = (__cli_sorted_cmd_ptrs_start__ + SIZEOF (.cli_sorted_cmd_ptrs))
                0x000000000000005c                __cli_sorted_cmd_ptrs_size__ = SIZEOF (.cli_sorted_cmd_ptrs)
                0x0000000000007d3c                __cli_sorted_cmd_ptrs_load_end__ = (__cli_sorted_cmd_ptrs_load_start__ + SIZEOF (.cli_sorted_cmd_ptrs))
                0x0000000000000001                . = ASSERT (((__cli_sorted_cmd_ptrs_load_start__ == __cli_sorted_cmd_ptrs_load_end__) || ((__cli_sorted_cmd_ptrs_load_end__ - __FLASH_segment_start__) <= __FLASH_segment_size__)), error: .cli_sorted_cmd_ptrs is too large to fit in FLASH memory segment)

.cli_sorted_cmd_ptrs_run
                0x0000000020000000       0x5c load address 0x0000000000007ce0
                0x0000000020000000                __cli_sorted_cmd_ptrs_run_start__ = .
                0x0000000020000000                __start_cli_sorted_cmd_ptrs = __cli_sorted_cmd_ptrs_run_start__
                0x000000002000005c                . = MAX ((__cli_sorted_cmd_ptrs_run_start__ + SIZEOF (.cli_sorted_cmd_ptrs)), .)
 *fill*         0x0000000020000000       0x5c 
                0x000000002000005c                __cli_sorted_cmd_ptrs_run_end__ = (__cli_sorted_cmd_ptrs_run_start__ + SIZEOF (.cli_sorted_cmd_ptrs_run))
                0x000000000000005c                __cli_sorted_cmd_ptrs_run_size__ = SIZEOF (.cli_sorted_cmd_ptrs_run)
                0x000000002000005c                __stop_cli_sorted_cmd_ptrs = __cli_sorted_cmd_ptrs_run_end__
                0x000000002000005c                __cli_sorted_cmd_ptrs_run_load_end__ = __cli_sorted_cmd_ptrs_run_end__
                0x0000000000000001                . = ASSERT (((__cli_sorted_cmd_ptrs_run_start__ == __cli_sorted_cmd_ptrs_run_end__) || ((__cli_sorted_cmd_ptrs_run_end__ - __RAM_segment_start__) <= __RAM_segment_size__)), error: .cli_sorted_cmd_ptrs_run is too large to fit in RAM memory segment)
                0x0000000000007d3c                __log_dynamic_data_load_start__ = ALIGN ((__cli_sorted_cmd_ptrs_load_start__ + SIZEOF (.cli_sorted_cmd_ptrs)), 0x4)

.log_dynamic_data
                0x000000002000005c       0x48 load address 0x0000000000007d3c
                0x000000002000005c                __log_dynamic_data_start__ = .
 *(SORT_BY_NAME(.log_dynamic_data*))
 .log_dynamic_data_CLOCK
                0x000000002000005c        0x4 Output/radio_test_pca10056 Release/Obj/nrfx_clock.o
                0x000000002000005c                m_nrf_log_CLOCK_logs_data_dynamic
 .log_dynamic_data_GPIOTE
                0x0000000020000060        0x4 Output/radio_test_pca10056 Release/Obj/nrfx_gpiote.o
                0x0000000020000060                m_nrf_log_GPIOTE_logs_data_dynamic
 .log_dynamic_data_PRS
                0x0000000020000064        0x4 Output/radio_test_pca10056 Release/Obj/nrfx_prs.o
                0x0000000020000064                m_nrf_log_PRS_logs_data_dynamic
 .log_dynamic_data_UART
                0x0000000020000068        0x4 Output/radio_test_pca10056 Release/Obj/nrfx_uart.o
                0x0000000020000068                m_nrf_log_UART_logs_data_dynamic
 .log_dynamic_data_UARTE
                0x000000002000006c        0x4 Output/radio_test_pca10056 Release/Obj/nrfx_uarte.o
                0x000000002000006c                m_nrf_log_UARTE_logs_data_dynamic
 .log_dynamic_data_app
                0x0000000020000070        0x4 Output/radio_test_pca10056 Release/Obj/nrf_log_frontend.o
                0x0000000020000070                m_nrf_log_app_logs_data_dynamic
 .log_dynamic_data_app_button
                0x0000000020000074        0x4 Output/radio_test_pca10056 Release/Obj/app_button.o
                0x0000000020000074                m_nrf_log_app_button_logs_data_dynamic
 .log_dynamic_data_app_timer
                0x0000000020000078        0x4 Output/radio_test_pca10056 Release/Obj/app_timer2.o
                0x0000000020000078                m_nrf_log_app_timer_logs_data_dynamic
 .log_dynamic_data_app_timer_m_cli_uart_transport_timer
                0x000000002000007c        0x4 Output/radio_test_pca10056 Release/Obj/main.o
                0x000000002000007c                m_nrf_log_app_timer_m_cli_uart_transport_timer_logs_data_dynamic
 .log_dynamic_data_app_timer_m_detection_delay_timer_id
                0x0000000020000080        0x4 Output/radio_test_pca10056 Release/Obj/app_button.o
                0x0000000020000080                m_nrf_log_app_timer_m_detection_delay_timer_id_logs_data_dynamic
 .log_dynamic_data_atfifo_m_req_fifo
                0x0000000020000084        0x4 Output/radio_test_pca10056 Release/Obj/app_timer2.o
                0x0000000020000084                m_nrf_log_atfifo_m_req_fifo_logs_data_dynamic
 .log_dynamic_data_balloc_log_mempool
                0x0000000020000088        0x4 Output/radio_test_pca10056 Release/Obj/nrf_log_frontend.o
                0x0000000020000088                m_nrf_log_balloc_log_mempool_logs_data_dynamic
 .log_dynamic_data_balloc_m_cli_uart_cmd_hist_memobj
                0x000000002000008c        0x4 Output/radio_test_pca10056 Release/Obj/main.o
                0x000000002000008c                m_nrf_log_balloc_m_cli_uart_cmd_hist_memobj_logs_data_dynamic
 .log_dynamic_data_cli_uart
                0x0000000020000090        0x4 Output/radio_test_pca10056 Release/Obj/nrf_cli_uart.o
                0x0000000020000090                m_nrf_log_cli_uart_logs_data_dynamic
 .log_dynamic_data_clock
                0x0000000020000094        0x4 Output/radio_test_pca10056 Release/Obj/nrf_drv_clock.o
                0x0000000020000094                m_nrf_log_clock_logs_data_dynamic
 .log_dynamic_data_pwr_mgmt
                0x0000000020000098        0x4 Output/radio_test_pca10056 Release/Obj/nrf_pwr_mgmt.o
                0x0000000020000098                m_nrf_log_pwr_mgmt_logs_data_dynamic
 .log_dynamic_data_queue_m_cli_uart_log_backend_queue
                0x000000002000009c        0x4 Output/radio_test_pca10056 Release/Obj/main.o
                0x000000002000009c                m_nrf_log_queue_m_cli_uart_log_backend_queue_logs_data_dynamic
 .log_dynamic_data_sortlist
                0x00000000200000a0        0x4 Output/radio_test_pca10056 Release/Obj/nrf_sortlist.o
                0x00000000200000a0                m_nrf_log_sortlist_logs_data_dynamic
                0x00000000200000a4                __log_dynamic_data_end__ = (__log_dynamic_data_start__ + SIZEOF (.log_dynamic_data))
                0x0000000000000048                __log_dynamic_data_size__ = SIZEOF (.log_dynamic_data)
                0x0000000000007d84                __log_dynamic_data_load_end__ = (__log_dynamic_data_load_start__ + SIZEOF (.log_dynamic_data))
                0x0000000000000001                . = ASSERT (((__log_dynamic_data_load_start__ == __log_dynamic_data_load_end__) || ((__log_dynamic_data_load_end__ - __FLASH_segment_start__) <= __FLASH_segment_size__)), error: .log_dynamic_data is too large to fit in FLASH memory segment)

.log_dynamic_data_run
                0x000000002000005c       0x48 load address 0x0000000000007d3c
                0x000000002000005c                __log_dynamic_data_run_start__ = .
                0x000000002000005c                __start_log_dynamic_data = __log_dynamic_data_run_start__
                0x00000000200000a4                . = MAX ((__log_dynamic_data_run_start__ + SIZEOF (.log_dynamic_data)), .)
 *fill*         0x000000002000005c       0x48 
                0x00000000200000a4                __log_dynamic_data_run_end__ = (__log_dynamic_data_run_start__ + SIZEOF (.log_dynamic_data_run))
                0x0000000000000048                __log_dynamic_data_run_size__ = SIZEOF (.log_dynamic_data_run)
                0x00000000200000a4                __stop_log_dynamic_data = __log_dynamic_data_run_end__
                0x00000000200000a4                __log_dynamic_data_run_load_end__ = __log_dynamic_data_run_end__
                0x0000000000000001                . = ASSERT (((__log_dynamic_data_run_start__ == __log_dynamic_data_run_end__) || ((__log_dynamic_data_run_end__ - __RAM_segment_start__) <= __RAM_segment_size__)), error: .log_dynamic_data_run is too large to fit in RAM memory segment)
                0x0000000000007d84                __log_filter_data_load_start__ = ALIGN ((__log_dynamic_data_load_start__ + SIZEOF (.log_dynamic_data)), 0x4)

.log_filter_data
                0x00000000200000a4       0x48 load address 0x0000000000007d84
                0x00000000200000a4                __log_filter_data_start__ = .
 *(SORT_BY_NAME(.log_filter_data*))
 .log_filter_data_CLOCK
                0x00000000200000a4        0x4 Output/radio_test_pca10056 Release/Obj/nrfx_clock.o
                0x00000000200000a4                m_nrf_log_CLOCK_logs_data_filter
 .log_filter_data_GPIOTE
                0x00000000200000a8        0x4 Output/radio_test_pca10056 Release/Obj/nrfx_gpiote.o
                0x00000000200000a8                m_nrf_log_GPIOTE_logs_data_filter
 .log_filter_data_PRS
                0x00000000200000ac        0x4 Output/radio_test_pca10056 Release/Obj/nrfx_prs.o
                0x00000000200000ac                m_nrf_log_PRS_logs_data_filter